  Determining projects to restore...
  All projects are up-to-date for restore.
  ShareX.Editor -> C:\Users\liveu\source\repos\ShareX Team\ShareX.Editor\src\ShareX.Editor\bin\Debug\net10.0-windows\ShareX.Editor.dll
  ShareX.Avalonia.Services.Abstractions -> C:\Users\liveu\source\repos\ShareX Team\ShareX.Avalonia\src\ShareX.Avalonia.Services.Abstractions\bin\Debug\net10.0\ShareX.Avalonia.Services.Abstractions.dll
  ShareX.Avalonia.Services -> C:\Users\liveu\source\repos\ShareX Team\ShareX.Avalonia\src\ShareX.Avalonia.Services\bin\Debug\net10.0\ShareX.Avalonia.Services.dll
  ShareX.Avalonia.Platform.Abstractions -> C:\Users\liveu\source\repos\ShareX Team\ShareX.Avalonia\src\ShareX.Avalonia.Platform.Abstractions\bin\Debug\net10.0\ShareX.Avalonia.Platform.Abstractions.dll
  ShareX.Avalonia.Common -> C:\Users\liveu\source\repos\ShareX Team\ShareX.Avalonia\src\ShareX.Avalonia.Common\bin\Debug\net10.0\ShareX.Avalonia.Common.dll
C:\Users\liveu\source\repos\ShareX Team\ShareX.Avalonia\src\ShareX.Avalonia.Indexer\Indexer.cs(33,46): error CS8625: Cannot convert null literal to non-nullable reference type. [C:\Users\liveu\source\repos\ShareX Team\ShareX.Avalonia\src\ShareX.Avalonia.Indexer\ShareX.Avalonia.Indexer.csproj]
C:\Users\liveu\source\repos\ShareX Team\ShareX.Avalonia\src\ShareX.Avalonia.Media\FFmpegCLIManager.cs(119,31): error CS8600: Converting null literal or possible null value to non-nullable type. [C:\Users\liveu\source\repos\ShareX Team\ShareX.Avalonia\src\ShareX.Avalonia.Media\ShareX.Avalonia.Media.csproj]
C:\Users\liveu\source\repos\ShareX Team\ShareX.Avalonia\src\ShareX.Avalonia.Media\VideoThumbnailer.cs(215,38): error CS8602: Dereference of a possibly null reference. [C:\Users\liveu\source\repos\ShareX Team\ShareX.Avalonia\src\ShareX.Avalonia.Media\ShareX.Avalonia.Media.csproj]
C:\Users\liveu\source\repos\ShareX Team\ShareX.Avalonia\src\ShareX.Avalonia.History\HistoryItem.cs(51,73): error CS8600: Converting null literal or possible null value to non-nullable type. [C:\Users\liveu\source\repos\ShareX Team\ShareX.Avalonia\src\ShareX.Avalonia.History\ShareX.Avalonia.History.csproj]
C:\Users\liveu\source\repos\ShareX Team\ShareX.Avalonia\src\ShareX.Avalonia.History\HistoryItem.cs(65,73): error CS8600: Converting null literal or possible null value to non-nullable type. [C:\Users\liveu\source\repos\ShareX Team\ShareX.Avalonia\src\ShareX.Avalonia.History\ShareX.Avalonia.History.csproj]
C:\Users\liveu\source\repos\ShareX Team\ShareX.Avalonia\src\ShareX.Avalonia.History\HistoryItem.cs(90,40): error CS8625: Cannot convert null literal to non-nullable reference type. [C:\Users\liveu\source\repos\ShareX Team\ShareX.Avalonia\src\ShareX.Avalonia.History\ShareX.Avalonia.History.csproj]
C:\Users\liveu\source\repos\ShareX Team\ShareX.Avalonia\src\ShareX.Avalonia.History\HistoryItem.cs(104,65): error CS8600: Converting null literal or possible null value to non-nullable type. [C:\Users\liveu\source\repos\ShareX Team\ShareX.Avalonia\src\ShareX.Avalonia.History\ShareX.Avalonia.History.csproj]
C:\Users\liveu\source\repos\ShareX Team\ShareX.Avalonia\src\ShareX.Avalonia.History\HistoryManagerSQLite.cs(188,52): error CS8602: Dereference of a possibly null reference. [C:\Users\liveu\source\repos\ShareX Team\ShareX.Avalonia\src\ShareX.Avalonia.History\ShareX.Avalonia.History.csproj]
C:\Users\liveu\source\repos\ShareX Team\ShareX.Avalonia\src\ShareX.Avalonia.History\HistoryManagerSQLite.cs(209,35): error CS8605: Unboxing a possibly null value. [C:\Users\liveu\source\repos\ShareX Team\ShareX.Avalonia\src\ShareX.Avalonia.History\ShareX.Avalonia.History.csproj]
C:\Users\liveu\source\repos\ShareX Team\ShareX.Avalonia\src\ShareX.Avalonia.History\HistoryManagerSQLite.cs(224,52): error CS8602: Dereference of a possibly null reference. [C:\Users\liveu\source\repos\ShareX Team\ShareX.Avalonia\src\ShareX.Avalonia.History\ShareX.Avalonia.History.csproj]
  ShareX.Avalonia.ViewModels -> C:\Users\liveu\source\repos\ShareX Team\ShareX.Avalonia\src\ShareX.Avalonia.ViewModels\bin\Debug\net10.0\ShareX.Avalonia.ViewModels.dll
C:\Users\liveu\source\repos\ShareX Team\ShareX.Avalonia\src\ShareX.Avalonia.Uploaders\UploadersLib\Stubs.cs(48,66): error CS8625: Cannot convert null literal to non-nullable reference type. [C:\Users\liveu\source\repos\ShareX Team\ShareX.Avalonia\src\ShareX.Avalonia.Uploaders\ShareX.Avalonia.Uploaders.csproj]
C:\Users\liveu\source\repos\ShareX Team\ShareX.Avalonia\src\ShareX.Avalonia.Uploaders\CustomUploader\ShareXSyntaxParser.cs(105,91): error CS8625: Cannot convert null literal to non-nullable reference type. [C:\Users\liveu\source\repos\ShareX Team\ShareX.Avalonia\src\ShareX.Avalonia.Uploaders\ShareX.Avalonia.Uploaders.csproj]
C:\Users\liveu\source\repos\ShareX Team\ShareX.Avalonia\src\ShareX.Avalonia.Uploaders\CustomUploader\ShareXCustomUploaderSyntaxParser.cs(64,91): error CS8625: Cannot convert null literal to non-nullable reference type. [C:\Users\liveu\source\repos\ShareX Team\ShareX.Avalonia\src\ShareX.Avalonia.Uploaders\ShareX.Avalonia.Uploaders.csproj]
C:\Users\liveu\source\repos\ShareX Team\ShareX.Avalonia\src\ShareX.Avalonia.Uploaders\FileUploaders\SendSpace.cs(40,37): error CS0108: 'SendSpace.Errors' hides inherited member 'Uploader.Errors'. Use the new keyword if hiding was intended. [C:\Users\liveu\source\repos\ShareX Team\ShareX.Avalonia\src\ShareX.Avalonia.Uploaders\ShareX.Avalonia.Uploaders.csproj]
C:\Users\liveu\source\repos\ShareX Team\ShareX.Avalonia\src\ShareX.Avalonia.Uploaders\OAuth\OAuthManager.cs(130,135): error CS8625: Cannot convert null literal to non-nullable reference type. [C:\Users\liveu\source\repos\ShareX Team\ShareX.Avalonia\src\ShareX.Avalonia.Uploaders\ShareX.Avalonia.Uploaders.csproj]
C:\Users\liveu\source\repos\ShareX Team\ShareX.Avalonia\src\ShareX.Avalonia.Uploaders\OAuth\OAuthManager.cs(183,114): error CS8625: Cannot convert null literal to non-nullable reference type. [C:\Users\liveu\source\repos\ShareX Team\ShareX.Avalonia\src\ShareX.Avalonia.Uploaders\ShareX.Avalonia.Uploaders.csproj]
C:\Users\liveu\source\repos\ShareX Team\ShareX.Avalonia\src\ShareX.Avalonia.Uploaders\UploadResult.cs(72,57): error CS8625: Cannot convert null literal to non-nullable reference type. [C:\Users\liveu\source\repos\ShareX Team\ShareX.Avalonia\src\ShareX.Avalonia.Uploaders\ShareX.Avalonia.Uploaders.csproj]
C:\Users\liveu\source\repos\ShareX Team\ShareX.Avalonia\src\ShareX.Avalonia.Uploaders\UploaderFactory.cs(40,42): error CS8714: The type 'T' cannot be used as type parameter 'TKey' in the generic type or method 'Dictionary<TKey, TValue>'. Nullability of type argument 'T' doesn't match 'notnull' constraint. [C:\Users\liveu\source\repos\ShareX Team\ShareX.Avalonia\src\ShareX.Avalonia.Uploaders\ShareX.Avalonia.Uploaders.csproj]
C:\Users\liveu\source\repos\ShareX Team\ShareX.Avalonia\src\ShareX.Avalonia.Uploaders\URLShorteners\VURLShortener.cs(51,31): error CS8600: Converting null literal or possible null value to non-nullable type. [C:\Users\liveu\source\repos\ShareX Team\ShareX.Avalonia\src\ShareX.Avalonia.Uploaders\ShareX.Avalonia.Uploaders.csproj]
C:\Users\liveu\source\repos\ShareX Team\ShareX.Avalonia\src\ShareX.Avalonia.Uploaders\URLShorteners\TwoGPURLShortener.cs(53,31): error CS8600: Converting null literal or possible null value to non-nullable type. [C:\Users\liveu\source\repos\ShareX Team\ShareX.Avalonia\src\ShareX.Avalonia.Uploaders\ShareX.Avalonia.Uploaders.csproj]
C:\Users\liveu\source\repos\ShareX Team\ShareX.Avalonia\src\ShareX.Avalonia.Uploaders\URLShorteners\TurlURLShortener.cs(51,35): error CS8601: Possible null reference assignment. [C:\Users\liveu\source\repos\ShareX Team\ShareX.Avalonia\src\ShareX.Avalonia.Uploaders\ShareX.Avalonia.Uploaders.csproj]
C:\Users\liveu\source\repos\ShareX Team\ShareX.Avalonia\src\ShareX.Avalonia.Uploaders\URLShorteners\TinyURLShortener.cs(51,57): error CS8601: Possible null reference assignment. [C:\Users\liveu\source\repos\ShareX Team\ShareX.Avalonia\src\ShareX.Avalonia.Uploaders\ShareX.Avalonia.Uploaders.csproj]
C:\Users\liveu\source\repos\ShareX Team\ShareX.Avalonia\src\ShareX.Avalonia.Uploaders\URLShorteners\TinyURLShortener.cs(51,35): error CS8601: Possible null reference assignment. [C:\Users\liveu\source\repos\ShareX Team\ShareX.Avalonia\src\ShareX.Avalonia.Uploaders\ShareX.Avalonia.Uploaders.csproj]
C:\Users\liveu\source\repos\ShareX Team\ShareX.Avalonia\src\ShareX.Avalonia.Uploaders\URLShorteners\QRnetURLShortener.cs(53,31): error CS8600: Converting null literal or possible null value to non-nullable type. [C:\Users\liveu\source\repos\ShareX Team\ShareX.Avalonia\src\ShareX.Avalonia.Uploaders\ShareX.Avalonia.Uploaders.csproj]
C:\Users\liveu\source\repos\ShareX Team\ShareX.Avalonia\src\ShareX.Avalonia.Uploaders\URLShorteners\NlcmURLShortener.cs(39,57): error CS8601: Possible null reference assignment. [C:\Users\liveu\source\repos\ShareX Team\ShareX.Avalonia\src\ShareX.Avalonia.Uploaders\ShareX.Avalonia.Uploaders.csproj]
C:\Users\liveu\source\repos\ShareX Team\ShareX.Avalonia\src\ShareX.Avalonia.Uploaders\URLShorteners\NlcmURLShortener.cs(39,35): error CS8601: Possible null reference assignment. [C:\Users\liveu\source\repos\ShareX Team\ShareX.Avalonia\src\ShareX.Avalonia.Uploaders\ShareX.Avalonia.Uploaders.csproj]
C:\Users\liveu\source\repos\ShareX Team\ShareX.Avalonia\src\ShareX.Avalonia.Uploaders\URLShorteners\IsgdURLShortener.cs(54,35): error CS8601: Possible null reference assignment. [C:\Users\liveu\source\repos\ShareX Team\ShareX.Avalonia\src\ShareX.Avalonia.Uploaders\ShareX.Avalonia.Uploaders.csproj]
C:\Users\liveu\source\repos\ShareX Team\ShareX.Avalonia\src\ShareX.Avalonia.Uploaders\URLShorteners\IsgdURLShortener.cs(56,22): error CS8602: Dereference of a possibly null reference. [C:\Users\liveu\source\repos\ShareX Team\ShareX.Avalonia\src\ShareX.Avalonia.Uploaders\ShareX.Avalonia.Uploaders.csproj]
C:\Users\liveu\source\repos\ShareX Team\ShareX.Avalonia\src\ShareX.Avalonia.Uploaders\URLShorteners\CustomURLShortener.cs(79,35): error CS8601: Possible null reference assignment. [C:\Users\liveu\source\repos\ShareX Team\ShareX.Avalonia\src\ShareX.Avalonia.Uploaders\ShareX.Avalonia.Uploaders.csproj]
C:\Users\liveu\source\repos\ShareX Team\ShareX.Avalonia\src\ShareX.Avalonia.Uploaders\URLShorteners\CustomURLShortener.cs(83,35): error CS8601: Possible null reference assignment. [C:\Users\liveu\source\repos\ShareX Team\ShareX.Avalonia\src\ShareX.Avalonia.Uploaders\ShareX.Avalonia.Uploaders.csproj]
C:\Users\liveu\source\repos\ShareX Team\ShareX.Avalonia\src\ShareX.Avalonia.Uploaders\URLShorteners\CustomURLShortener.cs(87,35): error CS8601: Possible null reference assignment. [C:\Users\liveu\source\repos\ShareX Team\ShareX.Avalonia\src\ShareX.Avalonia.Uploaders\ShareX.Avalonia.Uploaders.csproj]
C:\Users\liveu\source\repos\ShareX Team\ShareX.Avalonia\src\ShareX.Avalonia.Uploaders\URLShorteners\CustomURLShortener.cs(91,35): error CS8601: Possible null reference assignment. [C:\Users\liveu\source\repos\ShareX Team\ShareX.Avalonia\src\ShareX.Avalonia.Uploaders\ShareX.Avalonia.Uploaders.csproj]
C:\Users\liveu\source\repos\ShareX Team\ShareX.Avalonia\src\ShareX.Avalonia.Uploaders\URLShorteners\CustomURLShortener.cs(99,47): error CS8604: Possible null reference argument for parameter 'responseInfo' in 'void CustomUploaderItem.TryParseResponse(UploadResult result, ResponseInfo responseInfo, UploaderErrorManager errors, CustomUploaderInput input, bool isShortenedURL = false)'. [C:\Users\liveu\source\repos\ShareX Team\ShareX.Avalonia\src\ShareX.Avalonia.Uploaders\ShareX.Avalonia.Uploaders.csproj]
C:\Users\liveu\source\repos\ShareX Team\ShareX.Avalonia\src\ShareX.Avalonia.Uploaders\URLShorteners\CustomURLShortener.cs(52,49): error CS8600: Converting null literal or possible null value to non-nullable type. [C:\Users\liveu\source\repos\ShareX Team\ShareX.Avalonia\src\ShareX.Avalonia.Uploaders\ShareX.Avalonia.Uploaders.csproj]
C:\Users\liveu\source\repos\ShareX Team\ShareX.Avalonia\src\ShareX.Avalonia.Uploaders\URLShorteners\CustomURLShortener.cs(59,20): error CS8603: Possible null reference return. [C:\Users\liveu\source\repos\ShareX Team\ShareX.Avalonia\src\ShareX.Avalonia.Uploaders\ShareX.Avalonia.Uploaders.csproj]
C:\Users\liveu\source\repos\ShareX Team\ShareX.Avalonia\src\ShareX.Avalonia.Uploaders\UploadersLib\Stubs.cs(221,20): error CS8603: Possible null reference return. [C:\Users\liveu\source\repos\ShareX Team\ShareX.Avalonia\src\ShareX.Avalonia.Uploaders\ShareX.Avalonia.Uploaders.csproj]
C:\Users\liveu\source\repos\ShareX Team\ShareX.Avalonia\src\ShareX.Avalonia.Uploaders\BaseUploaders\TextUploader.cs(52,20): error CS8603: Possible null reference return. [C:\Users\liveu\source\repos\ShareX Team\ShareX.Avalonia\src\ShareX.Avalonia.Uploaders\ShareX.Avalonia.Uploaders.csproj]
C:\Users\liveu\source\repos\ShareX Team\ShareX.Avalonia\src\ShareX.Avalonia.Uploaders\CustomUploader\Functions\CustomUploaderFunctionHeader.cs(39,17): error CS8602: Dereference of a possibly null reference. [C:\Users\liveu\source\repos\ShareX Team\ShareX.Avalonia\src\ShareX.Avalonia.Uploaders\ShareX.Avalonia.Uploaders.csproj]
C:\Users\liveu\source\repos\ShareX Team\ShareX.Avalonia\src\ShareX.Avalonia.Uploaders\CustomUploader\Functions\CustomUploaderFunctionHeader.cs(41,32): error CS8600: Converting null literal or possible null value to non-nullable type. [C:\Users\liveu\source\repos\ShareX Team\ShareX.Avalonia\src\ShareX.Avalonia.Uploaders\ShareX.Avalonia.Uploaders.csproj]
C:\Users\liveu\source\repos\ShareX Team\ShareX.Avalonia\src\ShareX.Avalonia.Uploaders\CustomUploader\Functions\CustomUploaderFunctionJson.cs(52,25): error CS8602: Dereference of a possibly null reference. [C:\Users\liveu\source\repos\ShareX Team\ShareX.Avalonia\src\ShareX.Avalonia.Uploaders\ShareX.Avalonia.Uploaders.csproj]
C:\Users\liveu\source\repos\ShareX Team\ShareX.Avalonia\src\ShareX.Avalonia.Uploaders\CustomUploader\Functions\CustomUploaderFunctionResponse.cs(35,20): error CS8602: Dereference of a possibly null reference. [C:\Users\liveu\source\repos\ShareX Team\ShareX.Avalonia\src\ShareX.Avalonia.Uploaders\ShareX.Avalonia.Uploaders.csproj]
C:\Users\liveu\source\repos\ShareX Team\ShareX.Avalonia\src\ShareX.Avalonia.Uploaders\CustomUploader\Functions\CustomUploaderFunctionResponseURL.cs(35,20): error CS8602: Dereference of a possibly null reference. [C:\Users\liveu\source\repos\ShareX Team\ShareX.Avalonia\src\ShareX.Avalonia.Uploaders\ShareX.Avalonia.Uploaders.csproj]
C:\Users\liveu\source\repos\ShareX Team\ShareX.Avalonia\src\ShareX.Avalonia.Uploaders\CustomUploader\Functions\CustomUploaderFunctionRegex.cs(54,25): error CS8602: Dereference of a possibly null reference. [C:\Users\liveu\source\repos\ShareX Team\ShareX.Avalonia\src\ShareX.Avalonia.Uploaders\ShareX.Avalonia.Uploaders.csproj]
C:\Users\liveu\source\repos\ShareX Team\ShareX.Avalonia\src\ShareX.Avalonia.Uploaders\CustomUploader\Functions\CustomUploaderFunctionXml.cs(52,25): error CS8602: Dereference of a possibly null reference. [C:\Users\liveu\source\repos\ShareX Team\ShareX.Avalonia\src\ShareX.Avalonia.Uploaders\ShareX.Avalonia.Uploaders.csproj]
C:\Users\liveu\source\repos\ShareX Team\ShareX.Avalonia\src\ShareX.Avalonia.Uploaders\CustomUploader\Functions\CustomUploaderFunctionXml.cs(62,43): error CS8600: Converting null literal or possible null value to non-nullable type. [C:\Users\liveu\source\repos\ShareX Team\ShareX.Avalonia\src\ShareX.Avalonia.Uploaders\ShareX.Avalonia.Uploaders.csproj]
C:\Users\liveu\source\repos\ShareX Team\ShareX.Avalonia\src\ShareX.Avalonia.Uploaders\FileUploaders\Vault_ooo.cs(106,33): error CS8600: Converting null literal or possible null value to non-nullable type. [C:\Users\liveu\source\repos\ShareX Team\ShareX.Avalonia\src\ShareX.Avalonia.Uploaders\ShareX.Avalonia.Uploaders.csproj]
C:\Users\liveu\source\repos\ShareX Team\ShareX.Avalonia\src\ShareX.Avalonia.Uploaders\FileUploaders\Vault_ooo.cs(107,91): error CS8604: Possible null reference argument for parameter 'value' in 'Vault_oooMetaInfo? JsonConvert.DeserializeObject<Vault_oooMetaInfo>(string value)'. [C:\Users\liveu\source\repos\ShareX Team\ShareX.Avalonia\src\ShareX.Avalonia.Uploaders\ShareX.Avalonia.Uploaders.csproj]
C:\Users\liveu\source\repos\ShareX Team\ShareX.Avalonia\src\ShareX.Avalonia.Uploaders\FileUploaders\Vault_ooo.cs(107,42): error CS8600: Converting null literal or possible null value to non-nullable type. [C:\Users\liveu\source\repos\ShareX Team\ShareX.Avalonia\src\ShareX.Avalonia.Uploaders\ShareX.Avalonia.Uploaders.csproj]
C:\Users\liveu\source\repos\ShareX Team\ShareX.Avalonia\src\ShareX.Avalonia.Uploaders\FileUploaders\Vault_ooo.cs(109,38): error CS8602: Dereference of a possibly null reference. [C:\Users\liveu\source\repos\ShareX Team\ShareX.Avalonia\src\ShareX.Avalonia.Uploaders\ShareX.Avalonia.Uploaders.csproj]
C:\Users\liveu\source\repos\ShareX Team\ShareX.Avalonia\src\ShareX.Avalonia.Uploaders\FileUploaders\Vault_ooo.cs(213,45): error SYSLIB0060: 'Rfc2898DeriveBytes.Rfc2898DeriveBytes(byte[], byte[], int, HashAlgorithmName)' is obsolete: 'The constructors on Rfc2898DeriveBytes are obsolete. Use the static Pbkdf2 method instead.' (https://aka.ms/dotnet-warnings/SYSLIB0060) [C:\Users\liveu\source\repos\ShareX Team\ShareX.Avalonia\src\ShareX.Avalonia.Uploaders\ShareX.Avalonia.Uploaders.csproj]
C:\Users\liveu\source\repos\ShareX Team\ShareX.Avalonia\src\ShareX.Avalonia.Uploaders\FileUploaders\Copy.cs(73,20): error CS8603: Possible null reference return. [C:\Users\liveu\source\repos\ShareX Team\ShareX.Avalonia\src\ShareX.Avalonia.Uploaders\ShareX.Avalonia.Uploaders.csproj]
C:\Users\liveu\source\repos\ShareX Team\ShareX.Avalonia\src\ShareX.Avalonia.Uploaders\FileUploaders\Copy.cs(78,37): error CS8601: Possible null reference assignment. [C:\Users\liveu\source\repos\ShareX Team\ShareX.Avalonia\src\ShareX.Avalonia.Uploaders\ShareX.Avalonia.Uploaders.csproj]
C:\Users\liveu\source\repos\ShareX Team\ShareX.Avalonia\src\ShareX.Avalonia.Uploaders\ImageUploaders\CustomImageUploader.cs(52,49): error CS8600: Converting null literal or possible null value to non-nullable type. [C:\Users\liveu\source\repos\ShareX Team\ShareX.Avalonia\src\ShareX.Avalonia.Uploaders\ShareX.Avalonia.Uploaders.csproj]
C:\Users\liveu\source\repos\ShareX Team\ShareX.Avalonia\src\ShareX.Avalonia.Uploaders\ImageUploaders\CustomImageUploader.cs(59,20): error CS8603: Possible null reference return. [C:\Users\liveu\source\repos\ShareX Team\ShareX.Avalonia\src\ShareX.Avalonia.Uploaders\ShareX.Avalonia.Uploaders.csproj]
C:\Users\liveu\source\repos\ShareX Team\ShareX.Avalonia\src\ShareX.Avalonia.Uploaders\FileUploaders\Copy.cs(91,75): error CS8625: Cannot convert null literal to non-nullable reference type. [C:\Users\liveu\source\repos\ShareX Team\ShareX.Avalonia\src\ShareX.Avalonia.Uploaders\ShareX.Avalonia.Uploaders.csproj]
C:\Users\liveu\source\repos\ShareX Team\ShareX.Avalonia\src\ShareX.Avalonia.Uploaders\FileUploaders\Copy.cs(93,35): error CS8600: Converting null literal or possible null value to non-nullable type. [C:\Users\liveu\source\repos\ShareX Team\ShareX.Avalonia\src\ShareX.Avalonia.Uploaders\ShareX.Avalonia.Uploaders.csproj]
C:\Users\liveu\source\repos\ShareX Team\ShareX.Avalonia\src\ShareX.Avalonia.Uploaders\BaseUploaders\Uploader.cs(211,68): error CS8603: Possible null reference return. [C:\Users\liveu\source\repos\ShareX Team\ShareX.Avalonia\src\ShareX.Avalonia.Uploaders\ShareX.Avalonia.Uploaders.csproj]
C:\Users\liveu\source\repos\ShareX Team\ShareX.Avalonia\src\ShareX.Avalonia.Uploaders\BaseUploaders\Uploader.cs(218,39): error CS8601: Possible null reference assignment. [C:\Users\liveu\source\repos\ShareX Team\ShareX.Avalonia\src\ShareX.Avalonia.Uploaders\ShareX.Avalonia.Uploaders.csproj]
C:\Users\liveu\source\repos\ShareX Team\ShareX.Avalonia\src\ShareX.Avalonia.Uploaders\BaseUploaders\Uploader.cs(227,39): error CS8600: Converting null literal or possible null value to non-nullable type. [C:\Users\liveu\source\repos\ShareX Team\ShareX.Avalonia\src\ShareX.Avalonia.Uploaders\ShareX.Avalonia.Uploaders.csproj]
C:\Users\liveu\source\repos\ShareX Team\ShareX.Avalonia\src\ShareX.Avalonia.Uploaders\BaseUploaders\Uploader.cs(231,43): error CS8601: Possible null reference assignment. [C:\Users\liveu\source\repos\ShareX Team\ShareX.Avalonia\src\ShareX.Avalonia.Uploaders\ShareX.Avalonia.Uploaders.csproj]
C:\Users\liveu\source\repos\ShareX Team\ShareX.Avalonia\src\ShareX.Avalonia.Uploaders\OAuth\GoogleOAuth2.cs(71,31): error CS8600: Converting null literal or possible null value to non-nullable type. [C:\Users\liveu\source\repos\ShareX Team\ShareX.Avalonia\src\ShareX.Avalonia.Uploaders\ShareX.Avalonia.Uploaders.csproj]
C:\Users\liveu\source\repos\ShareX Team\ShareX.Avalonia\src\ShareX.Avalonia.Uploaders\OAuth\GoogleOAuth2.cs(75,37): error CS8600: Converting null literal or possible null value to non-nullable type. [C:\Users\liveu\source\repos\ShareX Team\ShareX.Avalonia\src\ShareX.Avalonia.Uploaders\ShareX.Avalonia.Uploaders.csproj]
C:\Users\liveu\source\repos\ShareX Team\ShareX.Avalonia\src\ShareX.Avalonia.Uploaders\FileUploaders\Copy.cs(120,64): error CS8625: Cannot convert null literal to non-nullable reference type. [C:\Users\liveu\source\repos\ShareX Team\ShareX.Avalonia\src\ShareX.Avalonia.Uploaders\ShareX.Avalonia.Uploaders.csproj]
C:\Users\liveu\source\repos\ShareX Team\ShareX.Avalonia\src\ShareX.Avalonia.Uploaders\OAuth\GoogleOAuth2.cs(98,35): error CS8600: Converting null literal or possible null value to non-nullable type. [C:\Users\liveu\source\repos\ShareX Team\ShareX.Avalonia\src\ShareX.Avalonia.Uploaders\ShareX.Avalonia.Uploaders.csproj]
C:\Users\liveu\source\repos\ShareX Team\ShareX.Avalonia\src\ShareX.Avalonia.Uploaders\OAuth\GoogleOAuth2.cs(102,41): error CS8600: Converting null literal or possible null value to non-nullable type. [C:\Users\liveu\source\repos\ShareX Team\ShareX.Avalonia\src\ShareX.Avalonia.Uploaders\ShareX.Avalonia.Uploaders.csproj]
C:\Users\liveu\source\repos\ShareX Team\ShareX.Avalonia\src\ShareX.Avalonia.Uploaders\OAuth\GoogleOAuth2.cs(146,31): error CS8600: Converting null literal or possible null value to non-nullable type. [C:\Users\liveu\source\repos\ShareX Team\ShareX.Avalonia\src\ShareX.Avalonia.Uploaders\ShareX.Avalonia.Uploaders.csproj]
C:\Users\liveu\source\repos\ShareX Team\ShareX.Avalonia\src\ShareX.Avalonia.Uploaders\OAuth\GoogleOAuth2.cs(150,24): error CS8603: Possible null reference return. [C:\Users\liveu\source\repos\ShareX Team\ShareX.Avalonia\src\ShareX.Avalonia.Uploaders\ShareX.Avalonia.Uploaders.csproj]
C:\Users\liveu\source\repos\ShareX Team\ShareX.Avalonia\src\ShareX.Avalonia.Uploaders\OAuth\GoogleOAuth2.cs(153,20): error CS8603: Possible null reference return. [C:\Users\liveu\source\repos\ShareX Team\ShareX.Avalonia\src\ShareX.Avalonia.Uploaders\ShareX.Avalonia.Uploaders.csproj]
C:\Users\liveu\source\repos\ShareX Team\ShareX.Avalonia\src\ShareX.Avalonia.Uploaders\BaseUploaders\Uploader.cs(279,32): error CS8603: Possible null reference return. [C:\Users\liveu\source\repos\ShareX Team\ShareX.Avalonia\src\ShareX.Avalonia.Uploaders\ShareX.Avalonia.Uploaders.csproj]
C:\Users\liveu\source\repos\ShareX Team\ShareX.Avalonia\src\ShareX.Avalonia.Uploaders\BaseUploaders\Uploader.cs(286,39): error CS8601: Possible null reference assignment. [C:\Users\liveu\source\repos\ShareX Team\ShareX.Avalonia\src\ShareX.Avalonia.Uploaders\ShareX.Avalonia.Uploaders.csproj]
C:\Users\liveu\source\repos\ShareX Team\ShareX.Avalonia\src\ShareX.Avalonia.Uploaders\BaseUploaders\Uploader.cs(295,39): error CS8600: Converting null literal or possible null value to non-nullable type. [C:\Users\liveu\source\repos\ShareX Team\ShareX.Avalonia\src\ShareX.Avalonia.Uploaders\ShareX.Avalonia.Uploaders.csproj]
C:\Users\liveu\source\repos\ShareX Team\ShareX.Avalonia\src\ShareX.Avalonia.Uploaders\BaseUploaders\Uploader.cs(299,43): error CS8601: Possible null reference assignment. [C:\Users\liveu\source\repos\ShareX Team\ShareX.Avalonia\src\ShareX.Avalonia.Uploaders\ShareX.Avalonia.Uploaders.csproj]
C:\Users\liveu\source\repos\ShareX Team\ShareX.Avalonia\src\ShareX.Avalonia.Uploaders\FileUploaders\Copy.cs(169,64): error CS8625: Cannot convert null literal to non-nullable reference type. [C:\Users\liveu\source\repos\ShareX Team\ShareX.Avalonia\src\ShareX.Avalonia.Uploaders\ShareX.Avalonia.Uploaders.csproj]
C:\Users\liveu\source\repos\ShareX Team\ShareX.Avalonia\src\ShareX.Avalonia.Uploaders\FileUploaders\Copy.cs(171,35): error CS8600: Converting null literal or possible null value to non-nullable type. [C:\Users\liveu\source\repos\ShareX Team\ShareX.Avalonia\src\ShareX.Avalonia.Uploaders\ShareX.Avalonia.Uploaders.csproj]
C:\Users\liveu\source\repos\ShareX Team\ShareX.Avalonia\src\ShareX.Avalonia.Uploaders\ImageUploaders\CustomImageUploader.cs(84,35): error CS8601: Possible null reference assignment. [C:\Users\liveu\source\repos\ShareX Team\ShareX.Avalonia\src\ShareX.Avalonia.Uploaders\ShareX.Avalonia.Uploaders.csproj]
C:\Users\liveu\source\repos\ShareX Team\ShareX.Avalonia\src\ShareX.Avalonia.Uploaders\ImageUploaders\CustomImageUploader.cs(92,47): error CS8604: Possible null reference argument for parameter 'responseInfo' in 'void CustomUploaderItem.TryParseResponse(UploadResult result, ResponseInfo responseInfo, UploaderErrorManager errors, CustomUploaderInput input, bool isShortenedURL = false)'. [C:\Users\liveu\source\repos\ShareX Team\ShareX.Avalonia\src\ShareX.Avalonia.Uploaders\ShareX.Avalonia.Uploaders.csproj]
C:\Users\liveu\source\repos\ShareX Team\ShareX.Avalonia\src\ShareX.Avalonia.Uploaders\OAuth\OAuth2ProofKey.cs(72,49): error CS8604: Possible null reference argument for parameter 'buffer' in 'string OAuth2ProofKey.CleanBase64(byte[] buffer)'. [C:\Users\liveu\source\repos\ShareX Team\ShareX.Avalonia\src\ShareX.Avalonia.Uploaders\ShareX.Avalonia.Uploaders.csproj]
C:\Users\liveu\source\repos\ShareX Team\ShareX.Avalonia\src\ShareX.Avalonia.Uploaders\FileUploaders\Copy.cs(209,60): error CS8625: Cannot convert null literal to non-nullable reference type. [C:\Users\liveu\source\repos\ShareX Team\ShareX.Avalonia\src\ShareX.Avalonia.Uploaders\ShareX.Avalonia.Uploaders.csproj]
C:\Users\liveu\source\repos\ShareX Team\ShareX.Avalonia\src\ShareX.Avalonia.Uploaders\FileUploaders\Copy.cs(218,31): error CS8600: Converting null literal or possible null value to non-nullable type. [C:\Users\liveu\source\repos\ShareX Team\ShareX.Avalonia\src\ShareX.Avalonia.Uploaders\ShareX.Avalonia.Uploaders.csproj]
C:\Users\liveu\source\repos\ShareX Team\ShareX.Avalonia\src\ShareX.Avalonia.Uploaders\FileUploaders\Copy.cs(222,38): error CS8600: Converting null literal or possible null value to non-nullable type. [C:\Users\liveu\source\repos\ShareX Team\ShareX.Avalonia\src\ShareX.Avalonia.Uploaders\ShareX.Avalonia.Uploaders.csproj]
C:\Users\liveu\source\repos\ShareX Team\ShareX.Avalonia\src\ShareX.Avalonia.Uploaders\FileUploaders\Copy.cs(224,35): error CS8604: Possible null reference argument for parameter 'link' in 'string Copy.GetLinkURL(CopyLinksInfo link, string path, CopyURLType urlType = CopyURLType.Default)'. [C:\Users\liveu\source\repos\ShareX Team\ShareX.Avalonia\src\ShareX.Avalonia.Uploaders\ShareX.Avalonia.Uploaders.csproj]
C:\Users\liveu\source\repos\ShareX Team\ShareX.Avalonia\src\ShareX.Avalonia.Uploaders\FileUploaders\Copy.cs(234,40): error CS8600: Converting null literal or possible null value to non-nullable type. [C:\Users\liveu\source\repos\ShareX Team\ShareX.Avalonia\src\ShareX.Avalonia.Uploaders\ShareX.Avalonia.Uploaders.csproj]
C:\Users\liveu\source\repos\ShareX Team\ShareX.Avalonia\src\ShareX.Avalonia.Uploaders\FileUploaders\Copy.cs(235,44): error CS8602: Dereference of a possibly null reference. [C:\Users\liveu\source\repos\ShareX Team\ShareX.Avalonia\src\ShareX.Avalonia.Uploaders\ShareX.Avalonia.Uploaders.csproj]
C:\Users\liveu\source\repos\ShareX Team\ShareX.Avalonia\src\ShareX.Avalonia.Uploaders\OAuth\OAuthInfo.cs(106,20): error CS8603: Possible null reference return. [C:\Users\liveu\source\repos\ShareX Team\ShareX.Avalonia\src\ShareX.Avalonia.Uploaders\ShareX.Avalonia.Uploaders.csproj]
C:\Users\liveu\source\repos\ShareX Team\ShareX.Avalonia\src\ShareX.Avalonia.Uploaders\FileUploaders\SFTP.cs(153,21): error CS8602: Dereference of a possibly null reference. [C:\Users\liveu\source\repos\ShareX Team\ShareX.Avalonia\src\ShareX.Avalonia.Uploaders\ShareX.Avalonia.Uploaders.csproj]
C:\Users\liveu\source\repos\ShareX Team\ShareX.Avalonia\src\ShareX.Avalonia.Uploaders\FileUploaders\SFTP.cs(167,24): error CS8602: Dereference of a possibly null reference. [C:\Users\liveu\source\repos\ShareX Team\ShareX.Avalonia\src\ShareX.Avalonia.Uploaders\ShareX.Avalonia.Uploaders.csproj]
C:\Users\liveu\source\repos\ShareX Team\ShareX.Avalonia\src\ShareX.Avalonia.Uploaders\FileUploaders\SFTP.cs(179,21): error CS8602: Dereference of a possibly null reference. [C:\Users\liveu\source\repos\ShareX Team\ShareX.Avalonia\src\ShareX.Avalonia.Uploaders\ShareX.Avalonia.Uploaders.csproj]
C:\Users\liveu\source\repos\ShareX Team\ShareX.Avalonia\src\ShareX.Avalonia.Uploaders\SharingServices\CustomURLSharingService.cs(52,49): error CS8600: Converting null literal or possible null value to non-nullable type. [C:\Users\liveu\source\repos\ShareX Team\ShareX.Avalonia\src\ShareX.Avalonia.Uploaders\ShareX.Avalonia.Uploaders.csproj]
C:\Users\liveu\source\repos\ShareX Team\ShareX.Avalonia\src\ShareX.Avalonia.Uploaders\SharingServices\CustomURLSharingService.cs(59,20): error CS8603: Possible null reference return. [C:\Users\liveu\source\repos\ShareX Team\ShareX.Avalonia\src\ShareX.Avalonia.Uploaders\ShareX.Avalonia.Uploaders.csproj]
C:\Users\liveu\source\repos\ShareX Team\ShareX.Avalonia\src\ShareX.Avalonia.Uploaders\OAuth\OAuthListener.cs(76,32): error CS8600: Converting null literal or possible null value to non-nullable type. [C:\Users\liveu\source\repos\ShareX Team\ShareX.Avalonia\src\ShareX.Avalonia.Uploaders\ShareX.Avalonia.Uploaders.csproj]
C:\Users\liveu\source\repos\ShareX Team\ShareX.Avalonia\src\ShareX.Avalonia.Uploaders\OAuth\OAuthListener.cs(77,33): error CS8600: Converting null literal or possible null value to non-nullable type. [C:\Users\liveu\source\repos\ShareX Team\ShareX.Avalonia\src\ShareX.Avalonia.Uploaders\ShareX.Avalonia.Uploaders.csproj]
C:\Users\liveu\source\repos\ShareX Team\ShareX.Avalonia\src\ShareX.Avalonia.Uploaders\OAuth\OAuthListener.cs(87,29): error CS8600: Converting null literal or possible null value to non-nullable type. [C:\Users\liveu\source\repos\ShareX Team\ShareX.Avalonia\src\ShareX.Avalonia.Uploaders\ShareX.Avalonia.Uploaders.csproj]
C:\Users\liveu\source\repos\ShareX Team\ShareX.Avalonia\src\ShareX.Avalonia.Uploaders\OAuth\OAuthListener.cs(88,30): error CS8600: Converting null literal or possible null value to non-nullable type. [C:\Users\liveu\source\repos\ShareX Team\ShareX.Avalonia\src\ShareX.Avalonia.Uploaders\ShareX.Avalonia.Uploaders.csproj]
C:\Users\liveu\source\repos\ShareX Team\ShareX.Avalonia\src\ShareX.Avalonia.Uploaders\BaseUploaders\Uploader.cs(428,62): error CS8600: Converting null literal or possible null value to non-nullable type. [C:\Users\liveu\source\repos\ShareX Team\ShareX.Avalonia\src\ShareX.Avalonia.Uploaders\ShareX.Avalonia.Uploaders.csproj]
C:\Users\liveu\source\repos\ShareX Team\ShareX.Avalonia\src\ShareX.Avalonia.Uploaders\BaseUploaders\Uploader.cs(535,70): error CS8604: Possible null reference argument for parameter 'args' in 'string OAuthManager.GenerateQuery(string url, Dictionary<string, string> args, HttpMethod httpMethod, OAuthInfo oauth)'. [C:\Users\liveu\source\repos\ShareX Team\ShareX.Avalonia\src\ShareX.Avalonia.Uploaders\ShareX.Avalonia.Uploaders.csproj]
C:\Users\liveu\source\repos\ShareX Team\ShareX.Avalonia\src\ShareX.Avalonia.Uploaders\TextUploaders\CustomTextUploader.cs(53,49): error CS8600: Converting null literal or possible null value to non-nullable type. [C:\Users\liveu\source\repos\ShareX Team\ShareX.Avalonia\src\ShareX.Avalonia.Uploaders\ShareX.Avalonia.Uploaders.csproj]
C:\Users\liveu\source\repos\ShareX Team\ShareX.Avalonia\src\ShareX.Avalonia.Uploaders\TextUploaders\CustomTextUploader.cs(60,20): error CS8603: Possible null reference return. [C:\Users\liveu\source\repos\ShareX Team\ShareX.Avalonia\src\ShareX.Avalonia.Uploaders\ShareX.Avalonia.Uploaders.csproj]
C:\Users\liveu\source\repos\ShareX Team\ShareX.Avalonia\src\ShareX.Avalonia.Uploaders\BaseUploaders\Uploader.cs(559,69): error CS8625: Cannot convert null literal to non-nullable reference type. [C:\Users\liveu\source\repos\ShareX Team\ShareX.Avalonia\src\ShareX.Avalonia.Uploaders\ShareX.Avalonia.Uploaders.csproj]
C:\Users\liveu\source\repos\ShareX Team\ShareX.Avalonia\src\ShareX.Avalonia.Uploaders\BaseUploaders\Uploader.cs(561,31): error CS8600: Converting null literal or possible null value to non-nullable type. [C:\Users\liveu\source\repos\ShareX Team\ShareX.Avalonia\src\ShareX.Avalonia.Uploaders\ShareX.Avalonia.Uploaders.csproj]
C:\Users\liveu\source\repos\ShareX Team\ShareX.Avalonia\src\ShareX.Avalonia.Uploaders\BaseUploaders\Uploader.cs(568,20): error CS8603: Possible null reference return. [C:\Users\liveu\source\repos\ShareX Team\ShareX.Avalonia\src\ShareX.Avalonia.Uploaders\ShareX.Avalonia.Uploaders.csproj]
C:\Users\liveu\source\repos\ShareX Team\ShareX.Avalonia\src\ShareX.Avalonia.Uploaders\SharingServices\CustomURLSharingService.cs(79,35): error CS8601: Possible null reference assignment. [C:\Users\liveu\source\repos\ShareX Team\ShareX.Avalonia\src\ShareX.Avalonia.Uploaders\ShareX.Avalonia.Uploaders.csproj]
C:\Users\liveu\source\repos\ShareX Team\ShareX.Avalonia\src\ShareX.Avalonia.Uploaders\SharingServices\CustomURLSharingService.cs(83,35): error CS8601: Possible null reference assignment. [C:\Users\liveu\source\repos\ShareX Team\ShareX.Avalonia\src\ShareX.Avalonia.Uploaders\ShareX.Avalonia.Uploaders.csproj]
C:\Users\liveu\source\repos\ShareX Team\ShareX.Avalonia\src\ShareX.Avalonia.Uploaders\SharingServices\CustomURLSharingService.cs(87,35): error CS8601: Possible null reference assignment. [C:\Users\liveu\source\repos\ShareX Team\ShareX.Avalonia\src\ShareX.Avalonia.Uploaders\ShareX.Avalonia.Uploaders.csproj]
C:\Users\liveu\source\repos\ShareX Team\ShareX.Avalonia\src\ShareX.Avalonia.Uploaders\SharingServices\CustomURLSharingService.cs(91,35): error CS8601: Possible null reference assignment. [C:\Users\liveu\source\repos\ShareX Team\ShareX.Avalonia\src\ShareX.Avalonia.Uploaders\ShareX.Avalonia.Uploaders.csproj]
C:\Users\liveu\source\repos\ShareX Team\ShareX.Avalonia\src\ShareX.Avalonia.Uploaders\SharingServices\CustomURLSharingService.cs(99,47): error CS8604: Possible null reference argument for parameter 'responseInfo' in 'void CustomUploaderItem.TryParseResponse(UploadResult result, ResponseInfo responseInfo, UploaderErrorManager errors, CustomUploaderInput input, bool isShortenedURL = false)'. [C:\Users\liveu\source\repos\ShareX Team\ShareX.Avalonia\src\ShareX.Avalonia.Uploaders\ShareX.Avalonia.Uploaders.csproj]
C:\Users\liveu\source\repos\ShareX Team\ShareX.Avalonia\src\ShareX.Avalonia.Uploaders\TextUploaders\Paste2.cs(72,26): error CS8602: Dereference of a possibly null reference. [C:\Users\liveu\source\repos\ShareX Team\ShareX.Avalonia\src\ShareX.Avalonia.Uploaders\ShareX.Avalonia.Uploaders.csproj]
C:\Users\liveu\source\repos\ShareX Team\ShareX.Avalonia\src\ShareX.Avalonia.Uploaders\TextUploaders\CustomTextUploader.cs(80,35): error CS8601: Possible null reference assignment. [C:\Users\liveu\source\repos\ShareX Team\ShareX.Avalonia\src\ShareX.Avalonia.Uploaders\ShareX.Avalonia.Uploaders.csproj]
C:\Users\liveu\source\repos\ShareX Team\ShareX.Avalonia\src\ShareX.Avalonia.Uploaders\TextUploaders\CustomTextUploader.cs(86,39): error CS8601: Possible null reference assignment. [C:\Users\liveu\source\repos\ShareX Team\ShareX.Avalonia\src\ShareX.Avalonia.Uploaders\ShareX.Avalonia.Uploaders.csproj]
C:\Users\liveu\source\repos\ShareX Team\ShareX.Avalonia\src\ShareX.Avalonia.Uploaders\TextUploaders\CustomTextUploader.cs(101,35): error CS8601: Possible null reference assignment. [C:\Users\liveu\source\repos\ShareX Team\ShareX.Avalonia\src\ShareX.Avalonia.Uploaders\ShareX.Avalonia.Uploaders.csproj]
C:\Users\liveu\source\repos\ShareX Team\ShareX.Avalonia\src\ShareX.Avalonia.Uploaders\TextUploaders\CustomTextUploader.cs(105,35): error CS8601: Possible null reference assignment. [C:\Users\liveu\source\repos\ShareX Team\ShareX.Avalonia\src\ShareX.Avalonia.Uploaders\ShareX.Avalonia.Uploaders.csproj]
C:\Users\liveu\source\repos\ShareX Team\ShareX.Avalonia\src\ShareX.Avalonia.Uploaders\TextUploaders\CustomTextUploader.cs(113,39): error CS8601: Possible null reference assignment. [C:\Users\liveu\source\repos\ShareX Team\ShareX.Avalonia\src\ShareX.Avalonia.Uploaders\ShareX.Avalonia.Uploaders.csproj]
C:\Users\liveu\source\repos\ShareX Team\ShareX.Avalonia\src\ShareX.Avalonia.Uploaders\TextUploaders\CustomTextUploader.cs(122,47): error CS8604: Possible null reference argument for parameter 'responseInfo' in 'void CustomUploaderItem.TryParseResponse(UploadResult result, ResponseInfo responseInfo, UploaderErrorManager errors, CustomUploaderInput input, bool isShortenedURL = false)'. [C:\Users\liveu\source\repos\ShareX Team\ShareX.Avalonia\src\ShareX.Avalonia.Uploaders\ShareX.Avalonia.Uploaders.csproj]
C:\Users\liveu\source\repos\ShareX Team\ShareX.Avalonia\src\ShareX.Avalonia.Uploaders\UploaderFilter.cs(55,20): error CS8603: Possible null reference return. [C:\Users\liveu\source\repos\ShareX Team\ShareX.Avalonia\src\ShareX.Avalonia.Uploaders\ShareX.Avalonia.Uploaders.csproj]
C:\Users\liveu\source\repos\ShareX Team\ShareX.Avalonia\src\ShareX.Avalonia.Uploaders\FileUploaders\SFTP.cs(217,56): error CS8602: Dereference of a possibly null reference. [C:\Users\liveu\source\repos\ShareX Team\ShareX.Avalonia\src\ShareX.Avalonia.Uploaders\ShareX.Avalonia.Uploaders.csproj]
C:\Users\liveu\source\repos\ShareX Team\ShareX.Avalonia\src\ShareX.Avalonia.Uploaders\OAuth\OAuthManager.cs(82,29): error CS8600: Converting null literal or possible null value to non-nullable type. [C:\Users\liveu\source\repos\ShareX Team\ShareX.Avalonia\src\ShareX.Avalonia.Uploaders\ShareX.Avalonia.Uploaders.csproj]
C:\Users\liveu\source\repos\ShareX Team\ShareX.Avalonia\src\ShareX.Avalonia.Uploaders\OAuth\OAuthManager.cs(115,92): error CS8604: Possible null reference argument for parameter 'userSecret' in 'byte[] OAuthManager.GenerateSignature(string signatureBase, string consumerSecret, string userSecret = null)'. [C:\Users\liveu\source\repos\ShareX Team\ShareX.Avalonia\src\ShareX.Avalonia.Uploaders\ShareX.Avalonia.Uploaders.csproj]
C:\Users\liveu\source\repos\ShareX Team\ShareX.Avalonia\src\ShareX.Avalonia.Uploaders\FileUploaders\SendSpaceManager.cs(66,38): error CS8601: Possible null reference assignment. [C:\Users\liveu\source\repos\ShareX Team\ShareX.Avalonia\src\ShareX.Avalonia.Uploaders\ShareX.Avalonia.Uploaders.csproj]
C:\Users\liveu\source\repos\ShareX Team\ShareX.Avalonia\src\ShareX.Avalonia.Uploaders\OAuth\OAuthManager.cs(132,26): error CS8600: Converting null literal or possible null value to non-nullable type. [C:\Users\liveu\source\repos\ShareX Team\ShareX.Avalonia\src\ShareX.Avalonia.Uploaders\ShareX.Avalonia.Uploaders.csproj]
C:\Users\liveu\source\repos\ShareX Team\ShareX.Avalonia\src\ShareX.Avalonia.Uploaders\OAuth\OAuthManager.cs(138,35): error CS8601: Possible null reference assignment. [C:\Users\liveu\source\repos\ShareX Team\ShareX.Avalonia\src\ShareX.Avalonia.Uploaders\ShareX.Avalonia.Uploaders.csproj]
C:\Users\liveu\source\repos\ShareX Team\ShareX.Avalonia\src\ShareX.Avalonia.Uploaders\OAuth\OAuthManager.cs(148,40): error CS8601: Possible null reference assignment. [C:\Users\liveu\source\repos\ShareX Team\ShareX.Avalonia\src\ShareX.Avalonia.Uploaders\ShareX.Avalonia.Uploaders.csproj]
C:\Users\liveu\source\repos\ShareX Team\ShareX.Avalonia\src\ShareX.Avalonia.Uploaders\OAuth\OAuthManager.cs(152,20): error CS8603: Possible null reference return. [C:\Users\liveu\source\repos\ShareX Team\ShareX.Avalonia\src\ShareX.Avalonia.Uploaders\ShareX.Avalonia.Uploaders.csproj]
C:\Users\liveu\source\repos\ShareX Team\ShareX.Avalonia\src\ShareX.Avalonia.Uploaders\OAuth\OAuthManager.cs(161,35): error CS8601: Possible null reference assignment. [C:\Users\liveu\source\repos\ShareX Team\ShareX.Avalonia\src\ShareX.Avalonia.Uploaders\ShareX.Avalonia.Uploaders.csproj]
C:\Users\liveu\source\repos\ShareX Team\ShareX.Avalonia\src\ShareX.Avalonia.Uploaders\OAuth\OAuthManager.cs(165,40): error CS8601: Possible null reference assignment. [C:\Users\liveu\source\repos\ShareX Team\ShareX.Avalonia\src\ShareX.Avalonia.Uploaders\ShareX.Avalonia.Uploaders.csproj]
C:\Users\liveu\source\repos\ShareX Team\ShareX.Avalonia\src\ShareX.Avalonia.Uploaders\OAuth\OAuthManager.cs(171,20): error CS8603: Possible null reference return. [C:\Users\liveu\source\repos\ShareX Team\ShareX.Avalonia\src\ShareX.Avalonia.Uploaders\ShareX.Avalonia.Uploaders.csproj]
C:\Users\liveu\source\repos\ShareX Team\ShareX.Avalonia\src\ShareX.Avalonia.Uploaders\TextUploaders\Pastebin_ca.cs(73,31): error CS8601: Possible null reference assignment. [C:\Users\liveu\source\repos\ShareX Team\ShareX.Avalonia\src\ShareX.Avalonia.Uploaders\ShareX.Avalonia.Uploaders.csproj]
C:\Users\liveu\source\repos\ShareX Team\ShareX.Avalonia\src\ShareX.Avalonia.Uploaders\FileUploaders\FTPAccount.cs(88,24): error CS0219: The variable 'serverProtocol' is assigned but its value is never used [C:\Users\liveu\source\repos\ShareX Team\ShareX.Avalonia\src\ShareX.Avalonia.Uploaders\ShareX.Avalonia.Uploaders.csproj]
C:\Users\liveu\source\repos\ShareX Team\ShareX.Avalonia\src\ShareX.Avalonia.Uploaders\OAuth\OAuthManager.cs(236,58): error CS8600: Converting null literal or possible null value to non-nullable type. [C:\Users\liveu\source\repos\ShareX Team\ShareX.Avalonia\src\ShareX.Avalonia.Uploaders\ShareX.Avalonia.Uploaders.csproj]
C:\Users\liveu\source\repos\ShareX Team\ShareX.Avalonia\src\ShareX.Avalonia.Uploaders\FileUploaders\FTPAccount.cs(264,20): error CS8603: Possible null reference return. [C:\Users\liveu\source\repos\ShareX Team\ShareX.Avalonia\src\ShareX.Avalonia.Uploaders\ShareX.Avalonia.Uploaders.csproj]
C:\Users\liveu\source\repos\ShareX Team\ShareX.Avalonia\src\ShareX.Avalonia.Uploaders\FileUploaders\FileSonic.cs(76,31): error CS8600: Converting null literal or possible null value to non-nullable type. [C:\Users\liveu\source\repos\ShareX Team\ShareX.Avalonia\src\ShareX.Avalonia.Uploaders\ShareX.Avalonia.Uploaders.csproj]
C:\Users\liveu\source\repos\ShareX Team\ShareX.Avalonia\src\ShareX.Avalonia.Uploaders\FileUploaders\FileSonic.cs(84,20): error CS8603: Possible null reference return. [C:\Users\liveu\source\repos\ShareX Team\ShareX.Avalonia\src\ShareX.Avalonia.Uploaders\ShareX.Avalonia.Uploaders.csproj]
C:\Users\liveu\source\repos\ShareX Team\ShareX.Avalonia\src\ShareX.Avalonia.Uploaders\FileUploaders\DropIO.cs(92,29): error CS8600: Converting null literal or possible null value to non-nullable type. [C:\Users\liveu\source\repos\ShareX Team\ShareX.Avalonia\src\ShareX.Avalonia.Uploaders\ShareX.Avalonia.Uploaders.csproj]
C:\Users\liveu\source\repos\ShareX Team\ShareX.Avalonia\src\ShareX.Avalonia.Uploaders\CustomUploader\CustomUploaderItem.cs(436,43): error CS8600: Converting null literal or possible null value to non-nullable type. [C:\Users\liveu\source\repos\ShareX Team\ShareX.Avalonia\src\ShareX.Avalonia.Uploaders\ShareX.Avalonia.Uploaders.csproj]
C:\Users\liveu\source\repos\ShareX Team\ShareX.Avalonia\src\ShareX.Avalonia.Uploaders\CustomUploader\CustomUploaderItem.cs(449,54): error CS8602: Dereference of a possibly null reference. [C:\Users\liveu\source\repos\ShareX Team\ShareX.Avalonia\src\ShareX.Avalonia.Uploaders\ShareX.Avalonia.Uploaders.csproj]
C:\Users\liveu\source\repos\ShareX Team\ShareX.Avalonia\src\ShareX.Avalonia.Uploaders\CustomUploader\CustomUploaderItem.cs(459,44): error CS8600: Converting null literal or possible null value to non-nullable type. [C:\Users\liveu\source\repos\ShareX Team\ShareX.Avalonia\src\ShareX.Avalonia.Uploaders\ShareX.Avalonia.Uploaders.csproj]
C:\Users\liveu\source\repos\ShareX Team\ShareX.Avalonia\src\ShareX.Avalonia.Uploaders\CustomUploader\CustomUploaderItem.cs(460,49): error CS8604: Possible null reference argument for parameter 'value' in 'void Dictionary<string, string>.Add(string key, string value)'. [C:\Users\liveu\source\repos\ShareX Team\ShareX.Avalonia\src\ShareX.Avalonia.Uploaders\ShareX.Avalonia.Uploaders.csproj]
C:\Users\liveu\source\repos\ShareX Team\ShareX.Avalonia\src\ShareX.Avalonia.Uploaders\FileUploaders\DropIO.cs(121,31): error CS8600: Converting null literal or possible null value to non-nullable type. [C:\Users\liveu\source\repos\ShareX Team\ShareX.Avalonia\src\ShareX.Avalonia.Uploaders\ShareX.Avalonia.Uploaders.csproj]
C:\Users\liveu\source\repos\ShareX Team\ShareX.Avalonia\src\ShareX.Avalonia.Uploaders\FileUploaders\DropIO.cs(126,33): error CS8600: Converting null literal or possible null value to non-nullable type. [C:\Users\liveu\source\repos\ShareX Team\ShareX.Avalonia\src\ShareX.Avalonia.Uploaders\ShareX.Avalonia.Uploaders.csproj]
C:\Users\liveu\source\repos\ShareX Team\ShareX.Avalonia\src\ShareX.Avalonia.Uploaders\Helpers\RequestHelpers.cs(79,43): error CS8600: Converting null literal or possible null value to non-nullable type. [C:\Users\liveu\source\repos\ShareX Team\ShareX.Avalonia\src\ShareX.Avalonia.Uploaders\ShareX.Avalonia.Uploaders.csproj]
C:\Users\liveu\source\repos\ShareX Team\ShareX.Avalonia\src\ShareX.Avalonia.Uploaders\Helpers\RequestHelpers.cs(86,47): error CS8602: Dereference of a possibly null reference. [C:\Users\liveu\source\repos\ShareX Team\ShareX.Avalonia\src\ShareX.Avalonia.Uploaders\ShareX.Avalonia.Uploaders.csproj]
C:\Users\liveu\source\repos\ShareX Team\ShareX.Avalonia\src\ShareX.Avalonia.Uploaders\Helpers\RequestHelpers.cs(107,33): error CS8600: Converting null literal or possible null value to non-nullable type. [C:\Users\liveu\source\repos\ShareX Team\ShareX.Avalonia\src\ShareX.Avalonia.Uploaders\ShareX.Avalonia.Uploaders.csproj]
C:\Users\liveu\source\repos\ShareX Team\ShareX.Avalonia\src\ShareX.Avalonia.Uploaders\Helpers\RequestHelpers.cs(119,31): error CS8600: Converting null literal or possible null value to non-nullable type. [C:\Users\liveu\source\repos\ShareX Team\ShareX.Avalonia\src\ShareX.Avalonia.Uploaders\ShareX.Avalonia.Uploaders.csproj]
C:\Users\liveu\source\repos\ShareX Team\ShareX.Avalonia\src\ShareX.Avalonia.Uploaders\TextUploaders\Slexy.cs(83,26): error CS8602: Dereference of a possibly null reference. [C:\Users\liveu\source\repos\ShareX Team\ShareX.Avalonia\src\ShareX.Avalonia.Uploaders\ShareX.Avalonia.Uploaders.csproj]
C:\Users\liveu\source\repos\ShareX Team\ShareX.Avalonia\src\ShareX.Avalonia.Uploaders\UploaderFactory.cs(47,20): error CS8714: The type 'T' cannot be used as type parameter 'TKey' in the generic type or method 'Enumerable.ToDictionary<TSource, TKey, TElement>(IEnumerable<TSource>, Func<TSource, TKey>, Func<TSource, TElement>)'. Nullability of type argument 'T' doesn't match 'notnull' constraint. [C:\Users\liveu\source\repos\ShareX Team\ShareX.Avalonia\src\ShareX.Avalonia.Uploaders\ShareX.Avalonia.Uploaders.csproj]

Build FAILED.

C:\Users\liveu\source\repos\ShareX Team\ShareX.Avalonia\src\ShareX.Avalonia.Indexer\Indexer.cs(33,46): error CS8625: Cannot convert null literal to non-nullable reference type. [C:\Users\liveu\source\repos\ShareX Team\ShareX.Avalonia\src\ShareX.Avalonia.Indexer\ShareX.Avalonia.Indexer.csproj]
C:\Users\liveu\source\repos\ShareX Team\ShareX.Avalonia\src\ShareX.Avalonia.Media\FFmpegCLIManager.cs(119,31): error CS8600: Converting null literal or possible null value to non-nullable type. [C:\Users\liveu\source\repos\ShareX Team\ShareX.Avalonia\src\ShareX.Avalonia.Media\ShareX.Avalonia.Media.csproj]
C:\Users\liveu\source\repos\ShareX Team\ShareX.Avalonia\src\ShareX.Avalonia.Media\VideoThumbnailer.cs(215,38): error CS8602: Dereference of a possibly null reference. [C:\Users\liveu\source\repos\ShareX Team\ShareX.Avalonia\src\ShareX.Avalonia.Media\ShareX.Avalonia.Media.csproj]
C:\Users\liveu\source\repos\ShareX Team\ShareX.Avalonia\src\ShareX.Avalonia.History\HistoryItem.cs(51,73): error CS8600: Converting null literal or possible null value to non-nullable type. [C:\Users\liveu\source\repos\ShareX Team\ShareX.Avalonia\src\ShareX.Avalonia.History\ShareX.Avalonia.History.csproj]
C:\Users\liveu\source\repos\ShareX Team\ShareX.Avalonia\src\ShareX.Avalonia.History\HistoryItem.cs(65,73): error CS8600: Converting null literal or possible null value to non-nullable type. [C:\Users\liveu\source\repos\ShareX Team\ShareX.Avalonia\src\ShareX.Avalonia.History\ShareX.Avalonia.History.csproj]
C:\Users\liveu\source\repos\ShareX Team\ShareX.Avalonia\src\ShareX.Avalonia.History\HistoryItem.cs(90,40): error CS8625: Cannot convert null literal to non-nullable reference type. [C:\Users\liveu\source\repos\ShareX Team\ShareX.Avalonia\src\ShareX.Avalonia.History\ShareX.Avalonia.History.csproj]
C:\Users\liveu\source\repos\ShareX Team\ShareX.Avalonia\src\ShareX.Avalonia.History\HistoryItem.cs(104,65): error CS8600: Converting null literal or possible null value to non-nullable type. [C:\Users\liveu\source\repos\ShareX Team\ShareX.Avalonia\src\ShareX.Avalonia.History\ShareX.Avalonia.History.csproj]
C:\Users\liveu\source\repos\ShareX Team\ShareX.Avalonia\src\ShareX.Avalonia.History\HistoryManagerSQLite.cs(188,52): error CS8602: Dereference of a possibly null reference. [C:\Users\liveu\source\repos\ShareX Team\ShareX.Avalonia\src\ShareX.Avalonia.History\ShareX.Avalonia.History.csproj]
C:\Users\liveu\source\repos\ShareX Team\ShareX.Avalonia\src\ShareX.Avalonia.History\HistoryManagerSQLite.cs(209,35): error CS8605: Unboxing a possibly null value. [C:\Users\liveu\source\repos\ShareX Team\ShareX.Avalonia\src\ShareX.Avalonia.History\ShareX.Avalonia.History.csproj]
C:\Users\liveu\source\repos\ShareX Team\ShareX.Avalonia\src\ShareX.Avalonia.History\HistoryManagerSQLite.cs(224,52): error CS8602: Dereference of a possibly null reference. [C:\Users\liveu\source\repos\ShareX Team\ShareX.Avalonia\src\ShareX.Avalonia.History\ShareX.Avalonia.History.csproj]
C:\Users\liveu\source\repos\ShareX Team\ShareX.Avalonia\src\ShareX.Avalonia.Uploaders\UploadersLib\Stubs.cs(48,66): error CS8625: Cannot convert null literal to non-nullable reference type. [C:\Users\liveu\source\repos\ShareX Team\ShareX.Avalonia\src\ShareX.Avalonia.Uploaders\ShareX.Avalonia.Uploaders.csproj]
C:\Users\liveu\source\repos\ShareX Team\ShareX.Avalonia\src\ShareX.Avalonia.Uploaders\CustomUploader\ShareXSyntaxParser.cs(105,91): error CS8625: Cannot convert null literal to non-nullable reference type. [C:\Users\liveu\source\repos\ShareX Team\ShareX.Avalonia\src\ShareX.Avalonia.Uploaders\ShareX.Avalonia.Uploaders.csproj]
C:\Users\liveu\source\repos\ShareX Team\ShareX.Avalonia\src\ShareX.Avalonia.Uploaders\CustomUploader\ShareXCustomUploaderSyntaxParser.cs(64,91): error CS8625: Cannot convert null literal to non-nullable reference type. [C:\Users\liveu\source\repos\ShareX Team\ShareX.Avalonia\src\ShareX.Avalonia.Uploaders\ShareX.Avalonia.Uploaders.csproj]
C:\Users\liveu\source\repos\ShareX Team\ShareX.Avalonia\src\ShareX.Avalonia.Uploaders\FileUploaders\SendSpace.cs(40,37): error CS0108: 'SendSpace.Errors' hides inherited member 'Uploader.Errors'. Use the new keyword if hiding was intended. [C:\Users\liveu\source\repos\ShareX Team\ShareX.Avalonia\src\ShareX.Avalonia.Uploaders\ShareX.Avalonia.Uploaders.csproj]
C:\Users\liveu\source\repos\ShareX Team\ShareX.Avalonia\src\ShareX.Avalonia.Uploaders\OAuth\OAuthManager.cs(130,135): error CS8625: Cannot convert null literal to non-nullable reference type. [C:\Users\liveu\source\repos\ShareX Team\ShareX.Avalonia\src\ShareX.Avalonia.Uploaders\ShareX.Avalonia.Uploaders.csproj]
C:\Users\liveu\source\repos\ShareX Team\ShareX.Avalonia\src\ShareX.Avalonia.Uploaders\OAuth\OAuthManager.cs(183,114): error CS8625: Cannot convert null literal to non-nullable reference type. [C:\Users\liveu\source\repos\ShareX Team\ShareX.Avalonia\src\ShareX.Avalonia.Uploaders\ShareX.Avalonia.Uploaders.csproj]
C:\Users\liveu\source\repos\ShareX Team\ShareX.Avalonia\src\ShareX.Avalonia.Uploaders\UploadResult.cs(72,57): error CS8625: Cannot convert null literal to non-nullable reference type. [C:\Users\liveu\source\repos\ShareX Team\ShareX.Avalonia\src\ShareX.Avalonia.Uploaders\ShareX.Avalonia.Uploaders.csproj]
C:\Users\liveu\source\repos\ShareX Team\ShareX.Avalonia\src\ShareX.Avalonia.Uploaders\UploaderFactory.cs(40,42): error CS8714: The type 'T' cannot be used as type parameter 'TKey' in the generic type or method 'Dictionary<TKey, TValue>'. Nullability of type argument 'T' doesn't match 'notnull' constraint. [C:\Users\liveu\source\repos\ShareX Team\ShareX.Avalonia\src\ShareX.Avalonia.Uploaders\ShareX.Avalonia.Uploaders.csproj]
C:\Users\liveu\source\repos\ShareX Team\ShareX.Avalonia\src\ShareX.Avalonia.Uploaders\URLShorteners\VURLShortener.cs(51,31): error CS8600: Converting null literal or possible null value to non-nullable type. [C:\Users\liveu\source\repos\ShareX Team\ShareX.Avalonia\src\ShareX.Avalonia.Uploaders\ShareX.Avalonia.Uploaders.csproj]
C:\Users\liveu\source\repos\ShareX Team\ShareX.Avalonia\src\ShareX.Avalonia.Uploaders\URLShorteners\TwoGPURLShortener.cs(53,31): error CS8600: Converting null literal or possible null value to non-nullable type. [C:\Users\liveu\source\repos\ShareX Team\ShareX.Avalonia\src\ShareX.Avalonia.Uploaders\ShareX.Avalonia.Uploaders.csproj]
C:\Users\liveu\source\repos\ShareX Team\ShareX.Avalonia\src\ShareX.Avalonia.Uploaders\URLShorteners\TurlURLShortener.cs(51,35): error CS8601: Possible null reference assignment. [C:\Users\liveu\source\repos\ShareX Team\ShareX.Avalonia\src\ShareX.Avalonia.Uploaders\ShareX.Avalonia.Uploaders.csproj]
C:\Users\liveu\source\repos\ShareX Team\ShareX.Avalonia\src\ShareX.Avalonia.Uploaders\URLShorteners\TinyURLShortener.cs(51,57): error CS8601: Possible null reference assignment. [C:\Users\liveu\source\repos\ShareX Team\ShareX.Avalonia\src\ShareX.Avalonia.Uploaders\ShareX.Avalonia.Uploaders.csproj]
C:\Users\liveu\source\repos\ShareX Team\ShareX.Avalonia\src\ShareX.Avalonia.Uploaders\URLShorteners\TinyURLShortener.cs(51,35): error CS8601: Possible null reference assignment. [C:\Users\liveu\source\repos\ShareX Team\ShareX.Avalonia\src\ShareX.Avalonia.Uploaders\ShareX.Avalonia.Uploaders.csproj]
C:\Users\liveu\source\repos\ShareX Team\ShareX.Avalonia\src\ShareX.Avalonia.Uploaders\URLShorteners\QRnetURLShortener.cs(53,31): error CS8600: Converting null literal or possible null value to non-nullable type. [C:\Users\liveu\source\repos\ShareX Team\ShareX.Avalonia\src\ShareX.Avalonia.Uploaders\ShareX.Avalonia.Uploaders.csproj]
C:\Users\liveu\source\repos\ShareX Team\ShareX.Avalonia\src\ShareX.Avalonia.Uploaders\URLShorteners\NlcmURLShortener.cs(39,57): error CS8601: Possible null reference assignment. [C:\Users\liveu\source\repos\ShareX Team\ShareX.Avalonia\src\ShareX.Avalonia.Uploaders\ShareX.Avalonia.Uploaders.csproj]
C:\Users\liveu\source\repos\ShareX Team\ShareX.Avalonia\src\ShareX.Avalonia.Uploaders\URLShorteners\NlcmURLShortener.cs(39,35): error CS8601: Possible null reference assignment. [C:\Users\liveu\source\repos\ShareX Team\ShareX.Avalonia\src\ShareX.Avalonia.Uploaders\ShareX.Avalonia.Uploaders.csproj]
C:\Users\liveu\source\repos\ShareX Team\ShareX.Avalonia\src\ShareX.Avalonia.Uploaders\URLShorteners\IsgdURLShortener.cs(54,35): error CS8601: Possible null reference assignment. [C:\Users\liveu\source\repos\ShareX Team\ShareX.Avalonia\src\ShareX.Avalonia.Uploaders\ShareX.Avalonia.Uploaders.csproj]
C:\Users\liveu\source\repos\ShareX Team\ShareX.Avalonia\src\ShareX.Avalonia.Uploaders\URLShorteners\IsgdURLShortener.cs(56,22): error CS8602: Dereference of a possibly null reference. [C:\Users\liveu\source\repos\ShareX Team\ShareX.Avalonia\src\ShareX.Avalonia.Uploaders\ShareX.Avalonia.Uploaders.csproj]
C:\Users\liveu\source\repos\ShareX Team\ShareX.Avalonia\src\ShareX.Avalonia.Uploaders\URLShorteners\CustomURLShortener.cs(79,35): error CS8601: Possible null reference assignment. [C:\Users\liveu\source\repos\ShareX Team\ShareX.Avalonia\src\ShareX.Avalonia.Uploaders\ShareX.Avalonia.Uploaders.csproj]
C:\Users\liveu\source\repos\ShareX Team\ShareX.Avalonia\src\ShareX.Avalonia.Uploaders\URLShorteners\CustomURLShortener.cs(83,35): error CS8601: Possible null reference assignment. [C:\Users\liveu\source\repos\ShareX Team\ShareX.Avalonia\src\ShareX.Avalonia.Uploaders\ShareX.Avalonia.Uploaders.csproj]
C:\Users\liveu\source\repos\ShareX Team\ShareX.Avalonia\src\ShareX.Avalonia.Uploaders\URLShorteners\CustomURLShortener.cs(87,35): error CS8601: Possible null reference assignment. [C:\Users\liveu\source\repos\ShareX Team\ShareX.Avalonia\src\ShareX.Avalonia.Uploaders\ShareX.Avalonia.Uploaders.csproj]
C:\Users\liveu\source\repos\ShareX Team\ShareX.Avalonia\src\ShareX.Avalonia.Uploaders\URLShorteners\CustomURLShortener.cs(91,35): error CS8601: Possible null reference assignment. [C:\Users\liveu\source\repos\ShareX Team\ShareX.Avalonia\src\ShareX.Avalonia.Uploaders\ShareX.Avalonia.Uploaders.csproj]
C:\Users\liveu\source\repos\ShareX Team\ShareX.Avalonia\src\ShareX.Avalonia.Uploaders\URLShorteners\CustomURLShortener.cs(99,47): error CS8604: Possible null reference argument for parameter 'responseInfo' in 'void CustomUploaderItem.TryParseResponse(UploadResult result, ResponseInfo responseInfo, UploaderErrorManager errors, CustomUploaderInput input, bool isShortenedURL = false)'. [C:\Users\liveu\source\repos\ShareX Team\ShareX.Avalonia\src\ShareX.Avalonia.Uploaders\ShareX.Avalonia.Uploaders.csproj]
C:\Users\liveu\source\repos\ShareX Team\ShareX.Avalonia\src\ShareX.Avalonia.Uploaders\URLShorteners\CustomURLShortener.cs(52,49): error CS8600: Converting null literal or possible null value to non-nullable type. [C:\Users\liveu\source\repos\ShareX Team\ShareX.Avalonia\src\ShareX.Avalonia.Uploaders\ShareX.Avalonia.Uploaders.csproj]
C:\Users\liveu\source\repos\ShareX Team\ShareX.Avalonia\src\ShareX.Avalonia.Uploaders\URLShorteners\CustomURLShortener.cs(59,20): error CS8603: Possible null reference return. [C:\Users\liveu\source\repos\ShareX Team\ShareX.Avalonia\src\ShareX.Avalonia.Uploaders\ShareX.Avalonia.Uploaders.csproj]
C:\Users\liveu\source\repos\ShareX Team\ShareX.Avalonia\src\ShareX.Avalonia.Uploaders\UploadersLib\Stubs.cs(221,20): error CS8603: Possible null reference return. [C:\Users\liveu\source\repos\ShareX Team\ShareX.Avalonia\src\ShareX.Avalonia.Uploaders\ShareX.Avalonia.Uploaders.csproj]
C:\Users\liveu\source\repos\ShareX Team\ShareX.Avalonia\src\ShareX.Avalonia.Uploaders\BaseUploaders\TextUploader.cs(52,20): error CS8603: Possible null reference return. [C:\Users\liveu\source\repos\ShareX Team\ShareX.Avalonia\src\ShareX.Avalonia.Uploaders\ShareX.Avalonia.Uploaders.csproj]
C:\Users\liveu\source\repos\ShareX Team\ShareX.Avalonia\src\ShareX.Avalonia.Uploaders\CustomUploader\Functions\CustomUploaderFunctionHeader.cs(39,17): error CS8602: Dereference of a possibly null reference. [C:\Users\liveu\source\repos\ShareX Team\ShareX.Avalonia\src\ShareX.Avalonia.Uploaders\ShareX.Avalonia.Uploaders.csproj]
C:\Users\liveu\source\repos\ShareX Team\ShareX.Avalonia\src\ShareX.Avalonia.Uploaders\CustomUploader\Functions\CustomUploaderFunctionHeader.cs(41,32): error CS8600: Converting null literal or possible null value to non-nullable type. [C:\Users\liveu\source\repos\ShareX Team\ShareX.Avalonia\src\ShareX.Avalonia.Uploaders\ShareX.Avalonia.Uploaders.csproj]
C:\Users\liveu\source\repos\ShareX Team\ShareX.Avalonia\src\ShareX.Avalonia.Uploaders\CustomUploader\Functions\CustomUploaderFunctionJson.cs(52,25): error CS8602: Dereference of a possibly null reference. [C:\Users\liveu\source\repos\ShareX Team\ShareX.Avalonia\src\ShareX.Avalonia.Uploaders\ShareX.Avalonia.Uploaders.csproj]
C:\Users\liveu\source\repos\ShareX Team\ShareX.Avalonia\src\ShareX.Avalonia.Uploaders\CustomUploader\Functions\CustomUploaderFunctionResponse.cs(35,20): error CS8602: Dereference of a possibly null reference. [C:\Users\liveu\source\repos\ShareX Team\ShareX.Avalonia\src\ShareX.Avalonia.Uploaders\ShareX.Avalonia.Uploaders.csproj]
C:\Users\liveu\source\repos\ShareX Team\ShareX.Avalonia\src\ShareX.Avalonia.Uploaders\CustomUploader\Functions\CustomUploaderFunctionResponseURL.cs(35,20): error CS8602: Dereference of a possibly null reference. [C:\Users\liveu\source\repos\ShareX Team\ShareX.Avalonia\src\ShareX.Avalonia.Uploaders\ShareX.Avalonia.Uploaders.csproj]
C:\Users\liveu\source\repos\ShareX Team\ShareX.Avalonia\src\ShareX.Avalonia.Uploaders\CustomUploader\Functions\CustomUploaderFunctionRegex.cs(54,25): error CS8602: Dereference of a possibly null reference. [C:\Users\liveu\source\repos\ShareX Team\ShareX.Avalonia\src\ShareX.Avalonia.Uploaders\ShareX.Avalonia.Uploaders.csproj]
C:\Users\liveu\source\repos\ShareX Team\ShareX.Avalonia\src\ShareX.Avalonia.Uploaders\CustomUploader\Functions\CustomUploaderFunctionXml.cs(52,25): error CS8602: Dereference of a possibly null reference. [C:\Users\liveu\source\repos\ShareX Team\ShareX.Avalonia\src\ShareX.Avalonia.Uploaders\ShareX.Avalonia.Uploaders.csproj]
C:\Users\liveu\source\repos\ShareX Team\ShareX.Avalonia\src\ShareX.Avalonia.Uploaders\CustomUploader\Functions\CustomUploaderFunctionXml.cs(62,43): error CS8600: Converting null literal or possible null value to non-nullable type. [C:\Users\liveu\source\repos\ShareX Team\ShareX.Avalonia\src\ShareX.Avalonia.Uploaders\ShareX.Avalonia.Uploaders.csproj]
C:\Users\liveu\source\repos\ShareX Team\ShareX.Avalonia\src\ShareX.Avalonia.Uploaders\FileUploaders\Vault_ooo.cs(106,33): error CS8600: Converting null literal or possible null value to non-nullable type. [C:\Users\liveu\source\repos\ShareX Team\ShareX.Avalonia\src\ShareX.Avalonia.Uploaders\ShareX.Avalonia.Uploaders.csproj]
C:\Users\liveu\source\repos\ShareX Team\ShareX.Avalonia\src\ShareX.Avalonia.Uploaders\FileUploaders\Vault_ooo.cs(107,91): error CS8604: Possible null reference argument for parameter 'value' in 'Vault_oooMetaInfo? JsonConvert.DeserializeObject<Vault_oooMetaInfo>(string value)'. [C:\Users\liveu\source\repos\ShareX Team\ShareX.Avalonia\src\ShareX.Avalonia.Uploaders\ShareX.Avalonia.Uploaders.csproj]
C:\Users\liveu\source\repos\ShareX Team\ShareX.Avalonia\src\ShareX.Avalonia.Uploaders\FileUploaders\Vault_ooo.cs(107,42): error CS8600: Converting null literal or possible null value to non-nullable type. [C:\Users\liveu\source\repos\ShareX Team\ShareX.Avalonia\src\ShareX.Avalonia.Uploaders\ShareX.Avalonia.Uploaders.csproj]
C:\Users\liveu\source\repos\ShareX Team\ShareX.Avalonia\src\ShareX.Avalonia.Uploaders\FileUploaders\Vault_ooo.cs(109,38): error CS8602: Dereference of a possibly null reference. [C:\Users\liveu\source\repos\ShareX Team\ShareX.Avalonia\src\ShareX.Avalonia.Uploaders\ShareX.Avalonia.Uploaders.csproj]
C:\Users\liveu\source\repos\ShareX Team\ShareX.Avalonia\src\ShareX.Avalonia.Uploaders\FileUploaders\Vault_ooo.cs(213,45): error SYSLIB0060: 'Rfc2898DeriveBytes.Rfc2898DeriveBytes(byte[], byte[], int, HashAlgorithmName)' is obsolete: 'The constructors on Rfc2898DeriveBytes are obsolete. Use the static Pbkdf2 method instead.' (https://aka.ms/dotnet-warnings/SYSLIB0060) [C:\Users\liveu\source\repos\ShareX Team\ShareX.Avalonia\src\ShareX.Avalonia.Uploaders\ShareX.Avalonia.Uploaders.csproj]
C:\Users\liveu\source\repos\ShareX Team\ShareX.Avalonia\src\ShareX.Avalonia.Uploaders\FileUploaders\Copy.cs(73,20): error CS8603: Possible null reference return. [C:\Users\liveu\source\repos\ShareX Team\ShareX.Avalonia\src\ShareX.Avalonia.Uploaders\ShareX.Avalonia.Uploaders.csproj]
C:\Users\liveu\source\repos\ShareX Team\ShareX.Avalonia\src\ShareX.Avalonia.Uploaders\FileUploaders\Copy.cs(78,37): error CS8601: Possible null reference assignment. [C:\Users\liveu\source\repos\ShareX Team\ShareX.Avalonia\src\ShareX.Avalonia.Uploaders\ShareX.Avalonia.Uploaders.csproj]
C:\Users\liveu\source\repos\ShareX Team\ShareX.Avalonia\src\ShareX.Avalonia.Uploaders\ImageUploaders\CustomImageUploader.cs(52,49): error CS8600: Converting null literal or possible null value to non-nullable type. [C:\Users\liveu\source\repos\ShareX Team\ShareX.Avalonia\src\ShareX.Avalonia.Uploaders\ShareX.Avalonia.Uploaders.csproj]
C:\Users\liveu\source\repos\ShareX Team\ShareX.Avalonia\src\ShareX.Avalonia.Uploaders\ImageUploaders\CustomImageUploader.cs(59,20): error CS8603: Possible null reference return. [C:\Users\liveu\source\repos\ShareX Team\ShareX.Avalonia\src\ShareX.Avalonia.Uploaders\ShareX.Avalonia.Uploaders.csproj]
C:\Users\liveu\source\repos\ShareX Team\ShareX.Avalonia\src\ShareX.Avalonia.Uploaders\FileUploaders\Copy.cs(91,75): error CS8625: Cannot convert null literal to non-nullable reference type. [C:\Users\liveu\source\repos\ShareX Team\ShareX.Avalonia\src\ShareX.Avalonia.Uploaders\ShareX.Avalonia.Uploaders.csproj]
C:\Users\liveu\source\repos\ShareX Team\ShareX.Avalonia\src\ShareX.Avalonia.Uploaders\FileUploaders\Copy.cs(93,35): error CS8600: Converting null literal or possible null value to non-nullable type. [C:\Users\liveu\source\repos\ShareX Team\ShareX.Avalonia\src\ShareX.Avalonia.Uploaders\ShareX.Avalonia.Uploaders.csproj]
C:\Users\liveu\source\repos\ShareX Team\ShareX.Avalonia\src\ShareX.Avalonia.Uploaders\BaseUploaders\Uploader.cs(211,68): error CS8603: Possible null reference return. [C:\Users\liveu\source\repos\ShareX Team\ShareX.Avalonia\src\ShareX.Avalonia.Uploaders\ShareX.Avalonia.Uploaders.csproj]
C:\Users\liveu\source\repos\ShareX Team\ShareX.Avalonia\src\ShareX.Avalonia.Uploaders\BaseUploaders\Uploader.cs(218,39): error CS8601: Possible null reference assignment. [C:\Users\liveu\source\repos\ShareX Team\ShareX.Avalonia\src\ShareX.Avalonia.Uploaders\ShareX.Avalonia.Uploaders.csproj]
C:\Users\liveu\source\repos\ShareX Team\ShareX.Avalonia\src\ShareX.Avalonia.Uploaders\BaseUploaders\Uploader.cs(227,39): error CS8600: Converting null literal or possible null value to non-nullable type. [C:\Users\liveu\source\repos\ShareX Team\ShareX.Avalonia\src\ShareX.Avalonia.Uploaders\ShareX.Avalonia.Uploaders.csproj]
C:\Users\liveu\source\repos\ShareX Team\ShareX.Avalonia\src\ShareX.Avalonia.Uploaders\BaseUploaders\Uploader.cs(231,43): error CS8601: Possible null reference assignment. [C:\Users\liveu\source\repos\ShareX Team\ShareX.Avalonia\src\ShareX.Avalonia.Uploaders\ShareX.Avalonia.Uploaders.csproj]
C:\Users\liveu\source\repos\ShareX Team\ShareX.Avalonia\src\ShareX.Avalonia.Uploaders\OAuth\GoogleOAuth2.cs(71,31): error CS8600: Converting null literal or possible null value to non-nullable type. [C:\Users\liveu\source\repos\ShareX Team\ShareX.Avalonia\src\ShareX.Avalonia.Uploaders\ShareX.Avalonia.Uploaders.csproj]
C:\Users\liveu\source\repos\ShareX Team\ShareX.Avalonia\src\ShareX.Avalonia.Uploaders\OAuth\GoogleOAuth2.cs(75,37): error CS8600: Converting null literal or possible null value to non-nullable type. [C:\Users\liveu\source\repos\ShareX Team\ShareX.Avalonia\src\ShareX.Avalonia.Uploaders\ShareX.Avalonia.Uploaders.csproj]
C:\Users\liveu\source\repos\ShareX Team\ShareX.Avalonia\src\ShareX.Avalonia.Uploaders\FileUploaders\Copy.cs(120,64): error CS8625: Cannot convert null literal to non-nullable reference type. [C:\Users\liveu\source\repos\ShareX Team\ShareX.Avalonia\src\ShareX.Avalonia.Uploaders\ShareX.Avalonia.Uploaders.csproj]
C:\Users\liveu\source\repos\ShareX Team\ShareX.Avalonia\src\ShareX.Avalonia.Uploaders\OAuth\GoogleOAuth2.cs(98,35): error CS8600: Converting null literal or possible null value to non-nullable type. [C:\Users\liveu\source\repos\ShareX Team\ShareX.Avalonia\src\ShareX.Avalonia.Uploaders\ShareX.Avalonia.Uploaders.csproj]
C:\Users\liveu\source\repos\ShareX Team\ShareX.Avalonia\src\ShareX.Avalonia.Uploaders\OAuth\GoogleOAuth2.cs(102,41): error CS8600: Converting null literal or possible null value to non-nullable type. [C:\Users\liveu\source\repos\ShareX Team\ShareX.Avalonia\src\ShareX.Avalonia.Uploaders\ShareX.Avalonia.Uploaders.csproj]
C:\Users\liveu\source\repos\ShareX Team\ShareX.Avalonia\src\ShareX.Avalonia.Uploaders\OAuth\GoogleOAuth2.cs(146,31): error CS8600: Converting null literal or possible null value to non-nullable type. [C:\Users\liveu\source\repos\ShareX Team\ShareX.Avalonia\src\ShareX.Avalonia.Uploaders\ShareX.Avalonia.Uploaders.csproj]
C:\Users\liveu\source\repos\ShareX Team\ShareX.Avalonia\src\ShareX.Avalonia.Uploaders\OAuth\GoogleOAuth2.cs(150,24): error CS8603: Possible null reference return. [C:\Users\liveu\source\repos\ShareX Team\ShareX.Avalonia\src\ShareX.Avalonia.Uploaders\ShareX.Avalonia.Uploaders.csproj]
C:\Users\liveu\source\repos\ShareX Team\ShareX.Avalonia\src\ShareX.Avalonia.Uploaders\OAuth\GoogleOAuth2.cs(153,20): error CS8603: Possible null reference return. [C:\Users\liveu\source\repos\ShareX Team\ShareX.Avalonia\src\ShareX.Avalonia.Uploaders\ShareX.Avalonia.Uploaders.csproj]
C:\Users\liveu\source\repos\ShareX Team\ShareX.Avalonia\src\ShareX.Avalonia.Uploaders\BaseUploaders\Uploader.cs(279,32): error CS8603: Possible null reference return. [C:\Users\liveu\source\repos\ShareX Team\ShareX.Avalonia\src\ShareX.Avalonia.Uploaders\ShareX.Avalonia.Uploaders.csproj]
C:\Users\liveu\source\repos\ShareX Team\ShareX.Avalonia\src\ShareX.Avalonia.Uploaders\BaseUploaders\Uploader.cs(286,39): error CS8601: Possible null reference assignment. [C:\Users\liveu\source\repos\ShareX Team\ShareX.Avalonia\src\ShareX.Avalonia.Uploaders\ShareX.Avalonia.Uploaders.csproj]
C:\Users\liveu\source\repos\ShareX Team\ShareX.Avalonia\src\ShareX.Avalonia.Uploaders\BaseUploaders\Uploader.cs(295,39): error CS8600: Converting null literal or possible null value to non-nullable type. [C:\Users\liveu\source\repos\ShareX Team\ShareX.Avalonia\src\ShareX.Avalonia.Uploaders\ShareX.Avalonia.Uploaders.csproj]
C:\Users\liveu\source\repos\ShareX Team\ShareX.Avalonia\src\ShareX.Avalonia.Uploaders\BaseUploaders\Uploader.cs(299,43): error CS8601: Possible null reference assignment. [C:\Users\liveu\source\repos\ShareX Team\ShareX.Avalonia\src\ShareX.Avalonia.Uploaders\ShareX.Avalonia.Uploaders.csproj]
C:\Users\liveu\source\repos\ShareX Team\ShareX.Avalonia\src\ShareX.Avalonia.Uploaders\FileUploaders\Copy.cs(169,64): error CS8625: Cannot convert null literal to non-nullable reference type. [C:\Users\liveu\source\repos\ShareX Team\ShareX.Avalonia\src\ShareX.Avalonia.Uploaders\ShareX.Avalonia.Uploaders.csproj]
C:\Users\liveu\source\repos\ShareX Team\ShareX.Avalonia\src\ShareX.Avalonia.Uploaders\FileUploaders\Copy.cs(171,35): error CS8600: Converting null literal or possible null value to non-nullable type. [C:\Users\liveu\source\repos\ShareX Team\ShareX.Avalonia\src\ShareX.Avalonia.Uploaders\ShareX.Avalonia.Uploaders.csproj]
C:\Users\liveu\source\repos\ShareX Team\ShareX.Avalonia\src\ShareX.Avalonia.Uploaders\ImageUploaders\CustomImageUploader.cs(84,35): error CS8601: Possible null reference assignment. [C:\Users\liveu\source\repos\ShareX Team\ShareX.Avalonia\src\ShareX.Avalonia.Uploaders\ShareX.Avalonia.Uploaders.csproj]
C:\Users\liveu\source\repos\ShareX Team\ShareX.Avalonia\src\ShareX.Avalonia.Uploaders\ImageUploaders\CustomImageUploader.cs(92,47): error CS8604: Possible null reference argument for parameter 'responseInfo' in 'void CustomUploaderItem.TryParseResponse(UploadResult result, ResponseInfo responseInfo, UploaderErrorManager errors, CustomUploaderInput input, bool isShortenedURL = false)'. [C:\Users\liveu\source\repos\ShareX Team\ShareX.Avalonia\src\ShareX.Avalonia.Uploaders\ShareX.Avalonia.Uploaders.csproj]
C:\Users\liveu\source\repos\ShareX Team\ShareX.Avalonia\src\ShareX.Avalonia.Uploaders\OAuth\OAuth2ProofKey.cs(72,49): error CS8604: Possible null reference argument for parameter 'buffer' in 'string OAuth2ProofKey.CleanBase64(byte[] buffer)'. [C:\Users\liveu\source\repos\ShareX Team\ShareX.Avalonia\src\ShareX.Avalonia.Uploaders\ShareX.Avalonia.Uploaders.csproj]
C:\Users\liveu\source\repos\ShareX Team\ShareX.Avalonia\src\ShareX.Avalonia.Uploaders\FileUploaders\Copy.cs(209,60): error CS8625: Cannot convert null literal to non-nullable reference type. [C:\Users\liveu\source\repos\ShareX Team\ShareX.Avalonia\src\ShareX.Avalonia.Uploaders\ShareX.Avalonia.Uploaders.csproj]
C:\Users\liveu\source\repos\ShareX Team\ShareX.Avalonia\src\ShareX.Avalonia.Uploaders\FileUploaders\Copy.cs(218,31): error CS8600: Converting null literal or possible null value to non-nullable type. [C:\Users\liveu\source\repos\ShareX Team\ShareX.Avalonia\src\ShareX.Avalonia.Uploaders\ShareX.Avalonia.Uploaders.csproj]
C:\Users\liveu\source\repos\ShareX Team\ShareX.Avalonia\src\ShareX.Avalonia.Uploaders\FileUploaders\Copy.cs(222,38): error CS8600: Converting null literal or possible null value to non-nullable type. [C:\Users\liveu\source\repos\ShareX Team\ShareX.Avalonia\src\ShareX.Avalonia.Uploaders\ShareX.Avalonia.Uploaders.csproj]
C:\Users\liveu\source\repos\ShareX Team\ShareX.Avalonia\src\ShareX.Avalonia.Uploaders\FileUploaders\Copy.cs(224,35): error CS8604: Possible null reference argument for parameter 'link' in 'string Copy.GetLinkURL(CopyLinksInfo link, string path, CopyURLType urlType = CopyURLType.Default)'. [C:\Users\liveu\source\repos\ShareX Team\ShareX.Avalonia\src\ShareX.Avalonia.Uploaders\ShareX.Avalonia.Uploaders.csproj]
C:\Users\liveu\source\repos\ShareX Team\ShareX.Avalonia\src\ShareX.Avalonia.Uploaders\FileUploaders\Copy.cs(234,40): error CS8600: Converting null literal or possible null value to non-nullable type. [C:\Users\liveu\source\repos\ShareX Team\ShareX.Avalonia\src\ShareX.Avalonia.Uploaders\ShareX.Avalonia.Uploaders.csproj]
C:\Users\liveu\source\repos\ShareX Team\ShareX.Avalonia\src\ShareX.Avalonia.Uploaders\FileUploaders\Copy.cs(235,44): error CS8602: Dereference of a possibly null reference. [C:\Users\liveu\source\repos\ShareX Team\ShareX.Avalonia\src\ShareX.Avalonia.Uploaders\ShareX.Avalonia.Uploaders.csproj]
C:\Users\liveu\source\repos\ShareX Team\ShareX.Avalonia\src\ShareX.Avalonia.Uploaders\OAuth\OAuthInfo.cs(106,20): error CS8603: Possible null reference return. [C:\Users\liveu\source\repos\ShareX Team\ShareX.Avalonia\src\ShareX.Avalonia.Uploaders\ShareX.Avalonia.Uploaders.csproj]
C:\Users\liveu\source\repos\ShareX Team\ShareX.Avalonia\src\ShareX.Avalonia.Uploaders\FileUploaders\SFTP.cs(153,21): error CS8602: Dereference of a possibly null reference. [C:\Users\liveu\source\repos\ShareX Team\ShareX.Avalonia\src\ShareX.Avalonia.Uploaders\ShareX.Avalonia.Uploaders.csproj]
C:\Users\liveu\source\repos\ShareX Team\ShareX.Avalonia\src\ShareX.Avalonia.Uploaders\FileUploaders\SFTP.cs(167,24): error CS8602: Dereference of a possibly null reference. [C:\Users\liveu\source\repos\ShareX Team\ShareX.Avalonia\src\ShareX.Avalonia.Uploaders\ShareX.Avalonia.Uploaders.csproj]
C:\Users\liveu\source\repos\ShareX Team\ShareX.Avalonia\src\ShareX.Avalonia.Uploaders\FileUploaders\SFTP.cs(179,21): error CS8602: Dereference of a possibly null reference. [C:\Users\liveu\source\repos\ShareX Team\ShareX.Avalonia\src\ShareX.Avalonia.Uploaders\ShareX.Avalonia.Uploaders.csproj]
C:\Users\liveu\source\repos\ShareX Team\ShareX.Avalonia\src\ShareX.Avalonia.Uploaders\SharingServices\CustomURLSharingService.cs(52,49): error CS8600: Converting null literal or possible null value to non-nullable type. [C:\Users\liveu\source\repos\ShareX Team\ShareX.Avalonia\src\ShareX.Avalonia.Uploaders\ShareX.Avalonia.Uploaders.csproj]
C:\Users\liveu\source\repos\ShareX Team\ShareX.Avalonia\src\ShareX.Avalonia.Uploaders\SharingServices\CustomURLSharingService.cs(59,20): error CS8603: Possible null reference return. [C:\Users\liveu\source\repos\ShareX Team\ShareX.Avalonia\src\ShareX.Avalonia.Uploaders\ShareX.Avalonia.Uploaders.csproj]
C:\Users\liveu\source\repos\ShareX Team\ShareX.Avalonia\src\ShareX.Avalonia.Uploaders\OAuth\OAuthListener.cs(76,32): error CS8600: Converting null literal or possible null value to non-nullable type. [C:\Users\liveu\source\repos\ShareX Team\ShareX.Avalonia\src\ShareX.Avalonia.Uploaders\ShareX.Avalonia.Uploaders.csproj]
C:\Users\liveu\source\repos\ShareX Team\ShareX.Avalonia\src\ShareX.Avalonia.Uploaders\OAuth\OAuthListener.cs(77,33): error CS8600: Converting null literal or possible null value to non-nullable type. [C:\Users\liveu\source\repos\ShareX Team\ShareX.Avalonia\src\ShareX.Avalonia.Uploaders\ShareX.Avalonia.Uploaders.csproj]
C:\Users\liveu\source\repos\ShareX Team\ShareX.Avalonia\src\ShareX.Avalonia.Uploaders\OAuth\OAuthListener.cs(87,29): error CS8600: Converting null literal or possible null value to non-nullable type. [C:\Users\liveu\source\repos\ShareX Team\ShareX.Avalonia\src\ShareX.Avalonia.Uploaders\ShareX.Avalonia.Uploaders.csproj]
C:\Users\liveu\source\repos\ShareX Team\ShareX.Avalonia\src\ShareX.Avalonia.Uploaders\OAuth\OAuthListener.cs(88,30): error CS8600: Converting null literal or possible null value to non-nullable type. [C:\Users\liveu\source\repos\ShareX Team\ShareX.Avalonia\src\ShareX.Avalonia.Uploaders\ShareX.Avalonia.Uploaders.csproj]
C:\Users\liveu\source\repos\ShareX Team\ShareX.Avalonia\src\ShareX.Avalonia.Uploaders\BaseUploaders\Uploader.cs(428,62): error CS8600: Converting null literal or possible null value to non-nullable type. [C:\Users\liveu\source\repos\ShareX Team\ShareX.Avalonia\src\ShareX.Avalonia.Uploaders\ShareX.Avalonia.Uploaders.csproj]
C:\Users\liveu\source\repos\ShareX Team\ShareX.Avalonia\src\ShareX.Avalonia.Uploaders\BaseUploaders\Uploader.cs(535,70): error CS8604: Possible null reference argument for parameter 'args' in 'string OAuthManager.GenerateQuery(string url, Dictionary<string, string> args, HttpMethod httpMethod, OAuthInfo oauth)'. [C:\Users\liveu\source\repos\ShareX Team\ShareX.Avalonia\src\ShareX.Avalonia.Uploaders\ShareX.Avalonia.Uploaders.csproj]
C:\Users\liveu\source\repos\ShareX Team\ShareX.Avalonia\src\ShareX.Avalonia.Uploaders\TextUploaders\CustomTextUploader.cs(53,49): error CS8600: Converting null literal or possible null value to non-nullable type. [C:\Users\liveu\source\repos\ShareX Team\ShareX.Avalonia\src\ShareX.Avalonia.Uploaders\ShareX.Avalonia.Uploaders.csproj]
C:\Users\liveu\source\repos\ShareX Team\ShareX.Avalonia\src\ShareX.Avalonia.Uploaders\TextUploaders\CustomTextUploader.cs(60,20): error CS8603: Possible null reference return. [C:\Users\liveu\source\repos\ShareX Team\ShareX.Avalonia\src\ShareX.Avalonia.Uploaders\ShareX.Avalonia.Uploaders.csproj]
C:\Users\liveu\source\repos\ShareX Team\ShareX.Avalonia\src\ShareX.Avalonia.Uploaders\BaseUploaders\Uploader.cs(559,69): error CS8625: Cannot convert null literal to non-nullable reference type. [C:\Users\liveu\source\repos\ShareX Team\ShareX.Avalonia\src\ShareX.Avalonia.Uploaders\ShareX.Avalonia.Uploaders.csproj]
C:\Users\liveu\source\repos\ShareX Team\ShareX.Avalonia\src\ShareX.Avalonia.Uploaders\BaseUploaders\Uploader.cs(561,31): error CS8600: Converting null literal or possible null value to non-nullable type. [C:\Users\liveu\source\repos\ShareX Team\ShareX.Avalonia\src\ShareX.Avalonia.Uploaders\ShareX.Avalonia.Uploaders.csproj]
C:\Users\liveu\source\repos\ShareX Team\ShareX.Avalonia\src\ShareX.Avalonia.Uploaders\BaseUploaders\Uploader.cs(568,20): error CS8603: Possible null reference return. [C:\Users\liveu\source\repos\ShareX Team\ShareX.Avalonia\src\ShareX.Avalonia.Uploaders\ShareX.Avalonia.Uploaders.csproj]
C:\Users\liveu\source\repos\ShareX Team\ShareX.Avalonia\src\ShareX.Avalonia.Uploaders\SharingServices\CustomURLSharingService.cs(79,35): error CS8601: Possible null reference assignment. [C:\Users\liveu\source\repos\ShareX Team\ShareX.Avalonia\src\ShareX.Avalonia.Uploaders\ShareX.Avalonia.Uploaders.csproj]
C:\Users\liveu\source\repos\ShareX Team\ShareX.Avalonia\src\ShareX.Avalonia.Uploaders\SharingServices\CustomURLSharingService.cs(83,35): error CS8601: Possible null reference assignment. [C:\Users\liveu\source\repos\ShareX Team\ShareX.Avalonia\src\ShareX.Avalonia.Uploaders\ShareX.Avalonia.Uploaders.csproj]
C:\Users\liveu\source\repos\ShareX Team\ShareX.Avalonia\src\ShareX.Avalonia.Uploaders\SharingServices\CustomURLSharingService.cs(87,35): error CS8601: Possible null reference assignment. [C:\Users\liveu\source\repos\ShareX Team\ShareX.Avalonia\src\ShareX.Avalonia.Uploaders\ShareX.Avalonia.Uploaders.csproj]
C:\Users\liveu\source\repos\ShareX Team\ShareX.Avalonia\src\ShareX.Avalonia.Uploaders\SharingServices\CustomURLSharingService.cs(91,35): error CS8601: Possible null reference assignment. [C:\Users\liveu\source\repos\ShareX Team\ShareX.Avalonia\src\ShareX.Avalonia.Uploaders\ShareX.Avalonia.Uploaders.csproj]
C:\Users\liveu\source\repos\ShareX Team\ShareX.Avalonia\src\ShareX.Avalonia.Uploaders\SharingServices\CustomURLSharingService.cs(99,47): error CS8604: Possible null reference argument for parameter 'responseInfo' in 'void CustomUploaderItem.TryParseResponse(UploadResult result, ResponseInfo responseInfo, UploaderErrorManager errors, CustomUploaderInput input, bool isShortenedURL = false)'. [C:\Users\liveu\source\repos\ShareX Team\ShareX.Avalonia\src\ShareX.Avalonia.Uploaders\ShareX.Avalonia.Uploaders.csproj]
C:\Users\liveu\source\repos\ShareX Team\ShareX.Avalonia\src\ShareX.Avalonia.Uploaders\TextUploaders\Paste2.cs(72,26): error CS8602: Dereference of a possibly null reference. [C:\Users\liveu\source\repos\ShareX Team\ShareX.Avalonia\src\ShareX.Avalonia.Uploaders\ShareX.Avalonia.Uploaders.csproj]
C:\Users\liveu\source\repos\ShareX Team\ShareX.Avalonia\src\ShareX.Avalonia.Uploaders\TextUploaders\CustomTextUploader.cs(80,35): error CS8601: Possible null reference assignment. [C:\Users\liveu\source\repos\ShareX Team\ShareX.Avalonia\src\ShareX.Avalonia.Uploaders\ShareX.Avalonia.Uploaders.csproj]
C:\Users\liveu\source\repos\ShareX Team\ShareX.Avalonia\src\ShareX.Avalonia.Uploaders\TextUploaders\CustomTextUploader.cs(86,39): error CS8601: Possible null reference assignment. [C:\Users\liveu\source\repos\ShareX Team\ShareX.Avalonia\src\ShareX.Avalonia.Uploaders\ShareX.Avalonia.Uploaders.csproj]
C:\Users\liveu\source\repos\ShareX Team\ShareX.Avalonia\src\ShareX.Avalonia.Uploaders\TextUploaders\CustomTextUploader.cs(101,35): error CS8601: Possible null reference assignment. [C:\Users\liveu\source\repos\ShareX Team\ShareX.Avalonia\src\ShareX.Avalonia.Uploaders\ShareX.Avalonia.Uploaders.csproj]
C:\Users\liveu\source\repos\ShareX Team\ShareX.Avalonia\src\ShareX.Avalonia.Uploaders\TextUploaders\CustomTextUploader.cs(105,35): error CS8601: Possible null reference assignment. [C:\Users\liveu\source\repos\ShareX Team\ShareX.Avalonia\src\ShareX.Avalonia.Uploaders\ShareX.Avalonia.Uploaders.csproj]
C:\Users\liveu\source\repos\ShareX Team\ShareX.Avalonia\src\ShareX.Avalonia.Uploaders\TextUploaders\CustomTextUploader.cs(113,39): error CS8601: Possible null reference assignment. [C:\Users\liveu\source\repos\ShareX Team\ShareX.Avalonia\src\ShareX.Avalonia.Uploaders\ShareX.Avalonia.Uploaders.csproj]
C:\Users\liveu\source\repos\ShareX Team\ShareX.Avalonia\src\ShareX.Avalonia.Uploaders\TextUploaders\CustomTextUploader.cs(122,47): error CS8604: Possible null reference argument for parameter 'responseInfo' in 'void CustomUploaderItem.TryParseResponse(UploadResult result, ResponseInfo responseInfo, UploaderErrorManager errors, CustomUploaderInput input, bool isShortenedURL = false)'. [C:\Users\liveu\source\repos\ShareX Team\ShareX.Avalonia\src\ShareX.Avalonia.Uploaders\ShareX.Avalonia.Uploaders.csproj]
C:\Users\liveu\source\repos\ShareX Team\ShareX.Avalonia\src\ShareX.Avalonia.Uploaders\UploaderFilter.cs(55,20): error CS8603: Possible null reference return. [C:\Users\liveu\source\repos\ShareX Team\ShareX.Avalonia\src\ShareX.Avalonia.Uploaders\ShareX.Avalonia.Uploaders.csproj]
C:\Users\liveu\source\repos\ShareX Team\ShareX.Avalonia\src\ShareX.Avalonia.Uploaders\FileUploaders\SFTP.cs(217,56): error CS8602: Dereference of a possibly null reference. [C:\Users\liveu\source\repos\ShareX Team\ShareX.Avalonia\src\ShareX.Avalonia.Uploaders\ShareX.Avalonia.Uploaders.csproj]
C:\Users\liveu\source\repos\ShareX Team\ShareX.Avalonia\src\ShareX.Avalonia.Uploaders\OAuth\OAuthManager.cs(82,29): error CS8600: Converting null literal or possible null value to non-nullable type. [C:\Users\liveu\source\repos\ShareX Team\ShareX.Avalonia\src\ShareX.Avalonia.Uploaders\ShareX.Avalonia.Uploaders.csproj]
C:\Users\liveu\source\repos\ShareX Team\ShareX.Avalonia\src\ShareX.Avalonia.Uploaders\OAuth\OAuthManager.cs(115,92): error CS8604: Possible null reference argument for parameter 'userSecret' in 'byte[] OAuthManager.GenerateSignature(string signatureBase, string consumerSecret, string userSecret = null)'. [C:\Users\liveu\source\repos\ShareX Team\ShareX.Avalonia\src\ShareX.Avalonia.Uploaders\ShareX.Avalonia.Uploaders.csproj]
C:\Users\liveu\source\repos\ShareX Team\ShareX.Avalonia\src\ShareX.Avalonia.Uploaders\FileUploaders\SendSpaceManager.cs(66,38): error CS8601: Possible null reference assignment. [C:\Users\liveu\source\repos\ShareX Team\ShareX.Avalonia\src\ShareX.Avalonia.Uploaders\ShareX.Avalonia.Uploaders.csproj]
C:\Users\liveu\source\repos\ShareX Team\ShareX.Avalonia\src\ShareX.Avalonia.Uploaders\OAuth\OAuthManager.cs(132,26): error CS8600: Converting null literal or possible null value to non-nullable type. [C:\Users\liveu\source\repos\ShareX Team\ShareX.Avalonia\src\ShareX.Avalonia.Uploaders\ShareX.Avalonia.Uploaders.csproj]
C:\Users\liveu\source\repos\ShareX Team\ShareX.Avalonia\src\ShareX.Avalonia.Uploaders\OAuth\OAuthManager.cs(138,35): error CS8601: Possible null reference assignment. [C:\Users\liveu\source\repos\ShareX Team\ShareX.Avalonia\src\ShareX.Avalonia.Uploaders\ShareX.Avalonia.Uploaders.csproj]
C:\Users\liveu\source\repos\ShareX Team\ShareX.Avalonia\src\ShareX.Avalonia.Uploaders\OAuth\OAuthManager.cs(148,40): error CS8601: Possible null reference assignment. [C:\Users\liveu\source\repos\ShareX Team\ShareX.Avalonia\src\ShareX.Avalonia.Uploaders\ShareX.Avalonia.Uploaders.csproj]
C:\Users\liveu\source\repos\ShareX Team\ShareX.Avalonia\src\ShareX.Avalonia.Uploaders\OAuth\OAuthManager.cs(152,20): error CS8603: Possible null reference return. [C:\Users\liveu\source\repos\ShareX Team\ShareX.Avalonia\src\ShareX.Avalonia.Uploaders\ShareX.Avalonia.Uploaders.csproj]
C:\Users\liveu\source\repos\ShareX Team\ShareX.Avalonia\src\ShareX.Avalonia.Uploaders\OAuth\OAuthManager.cs(161,35): error CS8601: Possible null reference assignment. [C:\Users\liveu\source\repos\ShareX Team\ShareX.Avalonia\src\ShareX.Avalonia.Uploaders\ShareX.Avalonia.Uploaders.csproj]
C:\Users\liveu\source\repos\ShareX Team\ShareX.Avalonia\src\ShareX.Avalonia.Uploaders\OAuth\OAuthManager.cs(165,40): error CS8601: Possible null reference assignment. [C:\Users\liveu\source\repos\ShareX Team\ShareX.Avalonia\src\ShareX.Avalonia.Uploaders\ShareX.Avalonia.Uploaders.csproj]
C:\Users\liveu\source\repos\ShareX Team\ShareX.Avalonia\src\ShareX.Avalonia.Uploaders\OAuth\OAuthManager.cs(171,20): error CS8603: Possible null reference return. [C:\Users\liveu\source\repos\ShareX Team\ShareX.Avalonia\src\ShareX.Avalonia.Uploaders\ShareX.Avalonia.Uploaders.csproj]
C:\Users\liveu\source\repos\ShareX Team\ShareX.Avalonia\src\ShareX.Avalonia.Uploaders\TextUploaders\Pastebin_ca.cs(73,31): error CS8601: Possible null reference assignment. [C:\Users\liveu\source\repos\ShareX Team\ShareX.Avalonia\src\ShareX.Avalonia.Uploaders\ShareX.Avalonia.Uploaders.csproj]
C:\Users\liveu\source\repos\ShareX Team\ShareX.Avalonia\src\ShareX.Avalonia.Uploaders\FileUploaders\FTPAccount.cs(88,24): error CS0219: The variable 'serverProtocol' is assigned but its value is never used [C:\Users\liveu\source\repos\ShareX Team\ShareX.Avalonia\src\ShareX.Avalonia.Uploaders\ShareX.Avalonia.Uploaders.csproj]
C:\Users\liveu\source\repos\ShareX Team\ShareX.Avalonia\src\ShareX.Avalonia.Uploaders\OAuth\OAuthManager.cs(236,58): error CS8600: Converting null literal or possible null value to non-nullable type. [C:\Users\liveu\source\repos\ShareX Team\ShareX.Avalonia\src\ShareX.Avalonia.Uploaders\ShareX.Avalonia.Uploaders.csproj]
C:\Users\liveu\source\repos\ShareX Team\ShareX.Avalonia\src\ShareX.Avalonia.Uploaders\FileUploaders\FTPAccount.cs(264,20): error CS8603: Possible null reference return. [C:\Users\liveu\source\repos\ShareX Team\ShareX.Avalonia\src\ShareX.Avalonia.Uploaders\ShareX.Avalonia.Uploaders.csproj]
C:\Users\liveu\source\repos\ShareX Team\ShareX.Avalonia\src\ShareX.Avalonia.Uploaders\FileUploaders\FileSonic.cs(76,31): error CS8600: Converting null literal or possible null value to non-nullable type. [C:\Users\liveu\source\repos\ShareX Team\ShareX.Avalonia\src\ShareX.Avalonia.Uploaders\ShareX.Avalonia.Uploaders.csproj]
C:\Users\liveu\source\repos\ShareX Team\ShareX.Avalonia\src\ShareX.Avalonia.Uploaders\FileUploaders\FileSonic.cs(84,20): error CS8603: Possible null reference return. [C:\Users\liveu\source\repos\ShareX Team\ShareX.Avalonia\src\ShareX.Avalonia.Uploaders\ShareX.Avalonia.Uploaders.csproj]
C:\Users\liveu\source\repos\ShareX Team\ShareX.Avalonia\src\ShareX.Avalonia.Uploaders\FileUploaders\DropIO.cs(92,29): error CS8600: Converting null literal or possible null value to non-nullable type. [C:\Users\liveu\source\repos\ShareX Team\ShareX.Avalonia\src\ShareX.Avalonia.Uploaders\ShareX.Avalonia.Uploaders.csproj]
C:\Users\liveu\source\repos\ShareX Team\ShareX.Avalonia\src\ShareX.Avalonia.Uploaders\CustomUploader\CustomUploaderItem.cs(436,43): error CS8600: Converting null literal or possible null value to non-nullable type. [C:\Users\liveu\source\repos\ShareX Team\ShareX.Avalonia\src\ShareX.Avalonia.Uploaders\ShareX.Avalonia.Uploaders.csproj]
C:\Users\liveu\source\repos\ShareX Team\ShareX.Avalonia\src\ShareX.Avalonia.Uploaders\CustomUploader\CustomUploaderItem.cs(449,54): error CS8602: Dereference of a possibly null reference. [C:\Users\liveu\source\repos\ShareX Team\ShareX.Avalonia\src\ShareX.Avalonia.Uploaders\ShareX.Avalonia.Uploaders.csproj]
C:\Users\liveu\source\repos\ShareX Team\ShareX.Avalonia\src\ShareX.Avalonia.Uploaders\CustomUploader\CustomUploaderItem.cs(459,44): error CS8600: Converting null literal or possible null value to non-nullable type. [C:\Users\liveu\source\repos\ShareX Team\ShareX.Avalonia\src\ShareX.Avalonia.Uploaders\ShareX.Avalonia.Uploaders.csproj]
C:\Users\liveu\source\repos\ShareX Team\ShareX.Avalonia\src\ShareX.Avalonia.Uploaders\CustomUploader\CustomUploaderItem.cs(460,49): error CS8604: Possible null reference argument for parameter 'value' in 'void Dictionary<string, string>.Add(string key, string value)'. [C:\Users\liveu\source\repos\ShareX Team\ShareX.Avalonia\src\ShareX.Avalonia.Uploaders\ShareX.Avalonia.Uploaders.csproj]
C:\Users\liveu\source\repos\ShareX Team\ShareX.Avalonia\src\ShareX.Avalonia.Uploaders\FileUploaders\DropIO.cs(121,31): error CS8600: Converting null literal or possible null value to non-nullable type. [C:\Users\liveu\source\repos\ShareX Team\ShareX.Avalonia\src\ShareX.Avalonia.Uploaders\ShareX.Avalonia.Uploaders.csproj]
C:\Users\liveu\source\repos\ShareX Team\ShareX.Avalonia\src\ShareX.Avalonia.Uploaders\FileUploaders\DropIO.cs(126,33): error CS8600: Converting null literal or possible null value to non-nullable type. [C:\Users\liveu\source\repos\ShareX Team\ShareX.Avalonia\src\ShareX.Avalonia.Uploaders\ShareX.Avalonia.Uploaders.csproj]
C:\Users\liveu\source\repos\ShareX Team\ShareX.Avalonia\src\ShareX.Avalonia.Uploaders\Helpers\RequestHelpers.cs(79,43): error CS8600: Converting null literal or possible null value to non-nullable type. [C:\Users\liveu\source\repos\ShareX Team\ShareX.Avalonia\src\ShareX.Avalonia.Uploaders\ShareX.Avalonia.Uploaders.csproj]
C:\Users\liveu\source\repos\ShareX Team\ShareX.Avalonia\src\ShareX.Avalonia.Uploaders\Helpers\RequestHelpers.cs(86,47): error CS8602: Dereference of a possibly null reference. [C:\Users\liveu\source\repos\ShareX Team\ShareX.Avalonia\src\ShareX.Avalonia.Uploaders\ShareX.Avalonia.Uploaders.csproj]
C:\Users\liveu\source\repos\ShareX Team\ShareX.Avalonia\src\ShareX.Avalonia.Uploaders\Helpers\RequestHelpers.cs(107,33): error CS8600: Converting null literal or possible null value to non-nullable type. [C:\Users\liveu\source\repos\ShareX Team\ShareX.Avalonia\src\ShareX.Avalonia.Uploaders\ShareX.Avalonia.Uploaders.csproj]
C:\Users\liveu\source\repos\ShareX Team\ShareX.Avalonia\src\ShareX.Avalonia.Uploaders\Helpers\RequestHelpers.cs(119,31): error CS8600: Converting null literal or possible null value to non-nullable type. [C:\Users\liveu\source\repos\ShareX Team\ShareX.Avalonia\src\ShareX.Avalonia.Uploaders\ShareX.Avalonia.Uploaders.csproj]
C:\Users\liveu\source\repos\ShareX Team\ShareX.Avalonia\src\ShareX.Avalonia.Uploaders\TextUploaders\Slexy.cs(83,26): error CS8602: Dereference of a possibly null reference. [C:\Users\liveu\source\repos\ShareX Team\ShareX.Avalonia\src\ShareX.Avalonia.Uploaders\ShareX.Avalonia.Uploaders.csproj]
C:\Users\liveu\source\repos\ShareX Team\ShareX.Avalonia\src\ShareX.Avalonia.Uploaders\UploaderFactory.cs(47,20): error CS8714: The type 'T' cannot be used as type parameter 'TKey' in the generic type or method 'Enumerable.ToDictionary<TSource, TKey, TElement>(IEnumerable<TSource>, Func<TSource, TKey>, Func<TSource, TElement>)'. Nullability of type argument 'T' doesn't match 'notnull' constraint. [C:\Users\liveu\source\repos\ShareX Team\ShareX.Avalonia\src\ShareX.Avalonia.Uploaders\ShareX.Avalonia.Uploaders.csproj]
    0 Warning(s)
    143 Error(s)

Time Elapsed 00:00:05.48
